Archive member included to satisfy reference by file (symbol)

C:\ti\TivaWare_C_Series-2.1.4.178\driverlib\gcc\libdriver.a(sysctl.o)
                              ./main.o (SysCtlDelay)
C:\ti\TivaWare_C_Series-2.1.4.178\driverlib\gcc\libdriver.a(cpu.o)
                              C:\ti\TivaWare_C_Series-2.1.4.178\driverlib\gcc\libdriver.a(sysctl.o) (CPUwfi)
C:\ti\TivaWare_C_Series-2.1.4.178\driverlib\gcc\libdriver.a(interrupt.o)
                              C:\ti\TivaWare_C_Series-2.1.4.178\driverlib\gcc\libdriver.a(sysctl.o) (IntRegister)
c:/program files (x86)/gnu tools arm embedded/8 2019-q3-update/bin/../lib/gcc/arm-none-eabi/8.3.1/../../../../arm-none-eabi/lib/thumb/v7e-m+fp/hard\libc_nano.a(lib_a-errno.o)
                              ./support/_sbrk.o (__errno)
c:/program files (x86)/gnu tools arm embedded/8 2019-q3-update/bin/../lib/gcc/arm-none-eabi/8.3.1/../../../../arm-none-eabi/lib/thumb/v7e-m+fp/hard\libc_nano.a(lib_a-impure.o)
                              c:/program files (x86)/gnu tools arm embedded/8 2019-q3-update/bin/../lib/gcc/arm-none-eabi/8.3.1/../../../../arm-none-eabi/lib/thumb/v7e-m+fp/hard\libc_nano.a(lib_a-errno.o) (_impure_ptr)
c:/program files (x86)/gnu tools arm embedded/8 2019-q3-update/bin/../lib/gcc/arm-none-eabi/8.3.1/../../../../arm-none-eabi/lib/thumb/v7e-m+fp/hard\libc_nano.a(lib_a-lcltime.o)
                              ./unity/unity.o (localtime)
c:/program files (x86)/gnu tools arm embedded/8 2019-q3-update/bin/../lib/gcc/arm-none-eabi/8.3.1/../../../../arm-none-eabi/lib/thumb/v7e-m+fp/hard\libc_nano.a(lib_a-lcltime_r.o)
                              c:/program files (x86)/gnu tools arm embedded/8 2019-q3-update/bin/../lib/gcc/arm-none-eabi/8.3.1/../../../../arm-none-eabi/lib/thumb/v7e-m+fp/hard\libc_nano.a(lib_a-lcltime.o) (localtime_r)
c:/program files (x86)/gnu tools arm embedded/8 2019-q3-update/bin/../lib/gcc/arm-none-eabi/8.3.1/../../../../arm-none-eabi/lib/thumb/v7e-m+fp/hard\libc_nano.a(lib_a-malloc.o)
                              c:/program files (x86)/gnu tools arm embedded/8 2019-q3-update/bin/../lib/gcc/arm-none-eabi/8.3.1/../../../../arm-none-eabi/lib/thumb/v7e-m+fp/hard\libc_nano.a(lib_a-lcltime.o) (malloc)
c:/program files (x86)/gnu tools arm embedded/8 2019-q3-update/bin/../lib/gcc/arm-none-eabi/8.3.1/../../../../arm-none-eabi/lib/thumb/v7e-m+fp/hard\libc_nano.a(lib_a-month_lengths.o)
                              c:/program files (x86)/gnu tools arm embedded/8 2019-q3-update/bin/../lib/gcc/arm-none-eabi/8.3.1/../../../../arm-none-eabi/lib/thumb/v7e-m+fp/hard\libc_nano.a(lib_a-lcltime_r.o) (__month_lengths)
c:/program files (x86)/gnu tools arm embedded/8 2019-q3-update/bin/../lib/gcc/arm-none-eabi/8.3.1/../../../../arm-none-eabi/lib/thumb/v7e-m+fp/hard\libc_nano.a(lib_a-nano-freer.o)
                              c:/program files (x86)/gnu tools arm embedded/8 2019-q3-update/bin/../lib/gcc/arm-none-eabi/8.3.1/../../../../arm-none-eabi/lib/thumb/v7e-m+fp/hard\libc_nano.a(lib_a-malloc.o) (_free_r)
c:/program files (x86)/gnu tools arm embedded/8 2019-q3-update/bin/../lib/gcc/arm-none-eabi/8.3.1/../../../../arm-none-eabi/lib/thumb/v7e-m+fp/hard\libc_nano.a(lib_a-nano-mallocr.o)
                              c:/program files (x86)/gnu tools arm embedded/8 2019-q3-update/bin/../lib/gcc/arm-none-eabi/8.3.1/../../../../arm-none-eabi/lib/thumb/v7e-m+fp/hard\libc_nano.a(lib_a-malloc.o) (_malloc_r)
c:/program files (x86)/gnu tools arm embedded/8 2019-q3-update/bin/../lib/gcc/arm-none-eabi/8.3.1/../../../../arm-none-eabi/lib/thumb/v7e-m+fp/hard\libc_nano.a(lib_a-sbrkr.o)
                              c:/program files (x86)/gnu tools arm embedded/8 2019-q3-update/bin/../lib/gcc/arm-none-eabi/8.3.1/../../../../arm-none-eabi/lib/thumb/v7e-m+fp/hard\libc_nano.a(lib_a-nano-mallocr.o) (_sbrk_r)
c:/program files (x86)/gnu tools arm embedded/8 2019-q3-update/bin/../lib/gcc/arm-none-eabi/8.3.1/../../../../arm-none-eabi/lib/thumb/v7e-m+fp/hard\libc_nano.a(lib_a-setjmp.o)
                              ./unity/unity.o (setjmp)
c:/program files (x86)/gnu tools arm embedded/8 2019-q3-update/bin/../lib/gcc/arm-none-eabi/8.3.1/../../../../arm-none-eabi/lib/thumb/v7e-m+fp/hard\libc_nano.a(lib_a-strlen.o)
                              ./diag/Trace.o (strlen)
c:/program files (x86)/gnu tools arm embedded/8 2019-q3-update/bin/../lib/gcc/arm-none-eabi/8.3.1/../../../../arm-none-eabi/lib/thumb/v7e-m+fp/hard\libc_nano.a(lib_a-time.o)
                              ./unity/unity.o (time)
c:/program files (x86)/gnu tools arm embedded/8 2019-q3-update/bin/../lib/gcc/arm-none-eabi/8.3.1/../../../../arm-none-eabi/lib/thumb/v7e-m+fp/hard\libc_nano.a(lib_a-tzcalc_limits.o)
                              c:/program files (x86)/gnu tools arm embedded/8 2019-q3-update/bin/../lib/gcc/arm-none-eabi/8.3.1/../../../../arm-none-eabi/lib/thumb/v7e-m+fp/hard\libc_nano.a(lib_a-lcltime_r.o) (__tzcalc_limits)
[...]
Memory Configuration

Name             Origin             Length             Attributes
FLASH            0x00000000         0x00040000         xr
SRAM             0x20000000         0x00008000         xrw
*default*        0x00000000         0xffffffff

Linker script and memory map

LOAD ./unity/unity.o
LOAD ./test/SysInitModule/BareMetalBlock/test_SysInitModule_BareMetalBlock_Hardware.o
LOAD ./test/SysInitModule/BareMetalBlock/test_SysInitModule_BareMetalBlock_Hardware_runner.o
LOAD ./support/_exit.o
LOAD ./support/_sbrk.o
LOAD ./support/_startup.o
LOAD ./support/_syscalls.o
LOAD ./support/_write.o
LOAD ./support/assert.o
LOAD ./support/startup_gcc.o
LOAD ./src/SysInitModule/BareMetalBlock/SysInitModule_BareMetalBlock_Hardware.o
LOAD ./src/MainApp_Test/MainApp_Test.o
LOAD ./src/MainApp_Release/MainApp_Release.o
LOAD ./diag/Trace.o
LOAD ./diag/trace_impl.o
LOAD ./main.o
LOAD C:\ti\TivaWare_C_Series-2.1.4.178\driverlib\gcc\libdriver.a
LOAD c:/program files (x86)/gnu tools arm embedded/8 2019-q3-update/bin/../lib/gcc/arm-none-eabi/8.3.1/../../../../arm-none-eabi/lib/thumb/v7e-m+fp/hard\libc_nano.a
START GROUP
LOAD c:/program files (x86)/gnu tools arm embedded/8 2019-q3-update/bin/../lib/gcc/arm-none-eabi/8.3.1/thumb/v7e-m+fp/hard\libgcc.a
LOAD c:/program files (x86)/gnu tools arm embedded/8 2019-q3-update/bin/../lib/gcc/arm-none-eabi/8.3.1/../../../../arm-none-eabi/lib/thumb/v7e-m+fp/hard\libg_nano.a
LOAD c:/program files (x86)/gnu tools arm embedded/8 2019-q3-update/bin/../lib/gcc/arm-none-eabi/8.3.1/../../../../arm-none-eabi/lib/thumb/v7e-m+fp/hard\libc_nano.a
END GROUP
START GROUP
LOAD c:/program files (x86)/gnu tools arm embedded/8 2019-q3-update/bin/../lib/gcc/arm-none-eabi/8.3.1/thumb/v7e-m+fp/hard\libgcc.a
LOAD c:/program files (x86)/gnu tools arm embedded/8 2019-q3-update/bin/../lib/gcc/arm-none-eabi/8.3.1/../../../../arm-none-eabi/lib/thumb/v7e-m+fp/hard\libc_nano.a
LOAD c:/program files (x86)/gnu tools arm embedded/8 2019-q3-update/bin/../lib/gcc/arm-none-eabi/8.3.1/../../../../arm-none-eabi/lib/thumb/v7e-m+fp/hard\librdimon_nano.a
END GROUP
START GROUP
LOAD c:/program files (x86)/gnu tools arm embedded/8 2019-q3-update/bin/../lib/gcc/arm-none-eabi/8.3.1/thumb/v7e-m+fp/hard\libgcc.a
LOAD c:/program files (x86)/gnu tools arm embedded/8 2019-q3-update/bin/../lib/gcc/arm-none-eabi/8.3.1/../../../../arm-none-eabi/lib/thumb/v7e-m+fp/hard\libc_nano.a
LOAD c:/program files (x86)/gnu tools arm embedded/8 2019-q3-update/bin/../lib/gcc/arm-none-eabi/8.3.1/../../../../arm-none-eabi/lib/thumb/v7e-m+fp/hard\librdimon_nano.a
END GROUP
                0x00001000                _stack_size = 0x1000

.text           0x00000000     0x3834
                0x00000000                _text = .
 *(.isr_vector)
 .isr_vector    0x00000000      0x26c ./support/startup_gcc.o
                0x00000000                g_pfnVectors
 *(.text .text* .gnu.linkonce.t.*)
 .text.UnityPrintNumber
                0x0000026c       0x5c ./unity/unity.o
                0x0000026c                UnityPrintNumber
 .text.UnityPrintNumberUnsigned
                0x000002c8       0x42 ./unity/unity.o
                0x000002c8                UnityPrintNumberUnsigned
 .text.UnityPrintNumberHex
                0x0000030a       0x34 ./unity/unity.o
                0x0000030a                UnityPrintNumberHex
 *fill*         0x0000033e        0x2 
 .text.UnityPrintNumberByStyle
                0x00000340       0x30 ./unity/unity.o
                0x00000340                UnityPrintNumberByStyle
 .text.UnityPrintFail
                0x00000370        0xc ./unity/unity.o
                0x00000370                UnityPrintFail
 .text.UnityPrintOk
                0x0000037c        0xc ./unity/unity.o
                0x0000037c                UnityPrintOk
 .text.UnityTestResultsBegin
                0x00000388       0x88 ./unity/unity.o
                0x00000388                UnityTestResultsBegin
 .text.UnityTestResultsFailBegin
                0x00000410       0x38 ./unity/unity.o
                0x00000410                UnityTestResultsFailBegin
 .text.UnityConcludeTest
                0x00000448       0x60 ./unity/unity.o
                0x00000448                UnityConcludeTest
 .text.UnityAddMsgIfSpecified
                0x000004a8       0x1c ./unity/unity.o
                0x000004a8                UnityAddMsgIfSpecified
 .text.UnityAssertEqualNumber
                0x000004c4       0x60 ./unity/unity.o
                0x000004c4                UnityAssertEqualNumber
 .text.UnityIgnore
                0x00000524       0x68 ./unity/unity.o
                0x00000524                UnityIgnore
 .text.UnityBegin
                0x0000058c       0x1c ./unity/unity.o
                0x0000058c                UnityBegin
 .text.UnityEnd
                0x000005a8       0xb8 ./unity/unity.o
                0x000005a8                UnityEnd
 .text.UnitySummary
                0x00000660       0xd8 ./unity/unity.o
                0x00000660                UnitySummary
 .text.setUp    0x00000738        0x2 ./test/SysInitModule/BareMetalBlock/test_SysInitModule_BareMetalBlock_Hardware.o
                0x00000738                setUp
 .text.tearDown
                0x0000073a        0x2 ./test/SysInitModule/BareMetalBlock/test_SysInitModule_BareMetalBlock_Hardware.o
                0x0000073a                tearDown
 .text.test_SysInitModule_BareMetalBlock_Hardware_TestIf_OneIsEqual_ToTwo
                0x0000073c       0x18 ./test/SysInitModule/BareMetalBlock/test_SysInitModule_BareMetalBlock_Hardware.o
                0x0000073c                test_SysInitModule_BareMetalBlock_Hardware_TestIf_OneIsEqual_ToTwo
 .text.test_SysInitModule_BareMetalBlock_Hardware_TestIf_ThreeIsEqual_ToThree
                0x00000754       0x16 ./test/SysInitModule/BareMetalBlock/test_SysInitModule_BareMetalBlock_Hardware.o
                0x00000754                test_SysInitModule_BareMetalBlock_Hardware_TestIf_ThreeIsEqual_ToThree
 *fill*         0x0000076a        0x2 
 .text.test_SysInitModule_BareMetalBlock_Hardware_TestIf_TestIsIgnored_WithMessage
                0x0000076c        0xc ./test/SysInitModule/BareMetalBlock/test_SysInitModule_BareMetalBlock_Hardware.o
                0x0000076c                test_SysInitModule_BareMetalBlock_Hardware_TestIf_TestIsIgnored_WithMessage
 .text.test_SysInitModule_BareMetalBlock_Hardware_runner
                0x00000778       0xc0 ./test/SysInitModule/BareMetalBlock/test_SysInitModule_BareMetalBlock_Hardware_runner.o
                0x00000778                test_SysInitModule_BareMetalBlock_Hardware_runner
 .text._sbrk    0x00000838       0x3c ./support/_sbrk.o
                0x00000838                _sbrk
 .text._read    0x00000874       0x10 ./support/_syscalls.o
                0x00000874                _read
 .text._stat    0x00000884       0x10 ./support/_syscalls.o
                0x00000884                _stat
 .text._write   0x00000894       0x24 ./support/_write.o
                0x00000894                _write
 .text.NmiSR    0x000008b8        0x2 ./support/startup_gcc.o
 .text.FaultISR
                0x000008ba        0x2 ./support/startup_gcc.o
 .text.IntDefaultHandler
                0x000008bc        0x2 ./support/startup_gcc.o
 *fill*         0x000008be        0x2 
 .text.ResetISR
                0x000008c0       0x94 ./support/startup_gcc.o
                0x000008c0                ResetISR
 .text.MainApp_Test
                0x00000954        0xe ./src/MainApp_Test/MainApp_Test.o
                0x00000954                MainApp_Test
 *fill*         0x00000962        0x2 
 .text.trace_printf
                0x00000964       0x30 ./diag/Trace.o
                0x00000964                trace_printf
 .text.trace_puts
                0x00000994       0x20 ./diag/Trace.o
                0x00000994                trace_puts
 .text.trace_fputs
                0x000009b4       0x14 ./diag/Trace.o
                0x000009b4                trace_fputs
 .text.trace_putchar
                0x000009c8       0x14 ./diag/Trace.o
                0x000009c8                trace_putchar
 .text.trace_write
                0x000009dc       0x68 ./diag/trace_impl.o
                0x000009dc                trace_write
 .text.Tiva_TDD_MinimalStartup
                0x00000a44       0x28 ./main.o
                0x00000a44                Tiva_TDD_MinimalStartup
 .text.startup.main
                0x00000a6c        0xe ./main.o
                0x00000a6c                main
 .text.SysCtlDelay
                0x00000a7a        0x8 C:\ti\TivaWare_C_Series-2.1.4.178\driverlib\gcc\libdriver.a(sysctl.o)
                0x00000a7a                SysCtlDelay
 *fill*         0x00000a82        0x2 
 .text.SysCtlClockSet
                0x00000a84      0x11c C:\ti\TivaWare_C_Series-2.1.4.178\driverlib\gcc\libdriver.a(sysctl.o)
                0x00000a84                SysCtlClockSet
 .text.__errno  0x00000ba0        0xc c:/program files (x86)/gnu tools arm embedded/8 2019-q3-update/bin/../lib/gcc/arm-none-eabi/8.3.1/../../../../arm-none-eabi/lib/thumb/v7e-m+fp/hard\libc_nano.a(lib_a-errno.o)
                0x00000ba0                __errno
 .text.localtime
                0x00000bac       0x24 c:/program files (x86)/gnu tools arm embedded/8 2019-q3-update/bin/../lib/gcc/arm-none-eabi/8.3.1/../../../../arm-none-eabi/lib/thumb/v7e-m+fp/hard\libc_nano.a(lib_a-lcltime.o)
                0x00000bac                localtime
 .text.localtime_r
                0x00000bd0      0x1e4 c:/program files (x86)/gnu tools arm embedded/8 2019-q3-update/bin/../lib/gcc/arm-none-eabi/8.3.1/../../../../arm-none-eabi/lib/thumb/v7e-m+fp/hard\libc_nano.a(lib_a-lcltime_r.o)
                0x00000bd0                localtime_r
 .text.malloc   0x00000db4       0x10 c:/program files (x86)/gnu tools arm embedded/8 2019-q3-update/bin/../lib/gcc/arm-none-eabi/8.3.1/../../../../arm-none-eabi/lib/thumb/v7e-m+fp/hard\libc_nano.a(lib_a-malloc.o)
                0x00000db4                malloc
 .text.free     0x00000dc4       0x10 c:/program files (x86)/gnu tools arm embedded/8 2019-q3-update/bin/../lib/gcc/arm-none-eabi/8.3.1/../../../../arm-none-eabi/lib/thumb/v7e-m+fp/hard\libc_nano.a(lib_a-malloc.o)
                0x00000dc4                free
 .text._free_r  0x00000dd4       0x9c c:/program files (x86)/gnu tools arm embedded/8 2019-q3-update/bin/../lib/gcc/arm-none-eabi/8.3.1/../../../../arm-none-eabi/lib/thumb/v7e-m+fp/hard\libc_nano.a(lib_a-nano-freer.o)
                0x00000dd4                _free_r
 .text._malloc_r
                0x00000e70       0xb4 c:/program files (x86)/gnu tools arm embedded/8 2019-q3-update/bin/../lib/gcc/arm-none-eabi/8.3.1/../../../../arm-none-eabi/lib/thumb/v7e-m+fp/hard\libc_nano.a(lib_a-nano-mallocr.o)
                0x00000e70                _malloc_r
 .text._sbrk_r  0x00000f24       0x20 c:/program files (x86)/gnu tools arm embedded/8 2019-q3-update/bin/../lib/gcc/arm-none-eabi/8.3.1/../../../../arm-none-eabi/lib/thumb/v7e-m+fp/hard\libc_nano.a(lib_a-sbrkr.o)
                0x00000f24                _sbrk_r
 .text          0x00000f44       0x1c c:/program files (x86)/gnu tools arm embedded/8 2019-q3-update/bin/../lib/gcc/arm-none-eabi/8.3.1/../../../../arm-none-eabi/lib/thumb/v7e-m+fp/hard\libc_nano.a(lib_a-setjmp.o)
                0x00000f44                setjmp
                0x00000f50                longjmp
 .text          0x00000f60       0x10 c:/program files (x86)/gnu tools arm embedded/8 2019-q3-update/bin/../lib/gcc/arm-none-eabi/8.3.1/../../../../arm-none-eabi/lib/thumb/v7e-m+fp/hard\libc_nano.a(lib_a-strlen.o)
                0x00000f60                strlen
 .text.time     0x00000f70       0x34 c:/program files (x86)/gnu tools arm embedded/8 2019-q3-update/bin/../lib/gcc/arm-none-eabi/8.3.1/../../../../arm-none-eabi/lib/thumb/v7e-m+fp/hard\libc_nano.a(lib_a-time.o)
                0x00000f70                time
 .text.__tzcalc_limits
                0x00000fa4      0x150 c:/program files (x86)/gnu tools arm embedded/8 2019-q3-update/bin/../lib/gcc/arm-none-eabi/8.3.1/../../../../arm-none-eabi/lib/thumb/v7e-m+fp/hard\libc_nano.a(lib_a-tzcalc_limits.o)
                0x00000fa4                __tzcalc_limits
 .text.__tz_lock
                0x000010f4        0xc c:/program files (x86)/gnu tools arm embedded/8 2019-q3-update/bin/../lib/gcc/arm-none-eabi/8.3.1/../../../../arm-none-eabi/lib/thumb/v7e-m+fp/hard\libc_nano.a(lib_a-tzlock.o)
                0x000010f4                __tz_lock
 .text.__tz_unlock
                0x00001100        0xc c:/program files (x86)/gnu tools arm embedded/8 2019-q3-update/bin/../lib/gcc/arm-none-eabi/8.3.1/../../../../arm-none-eabi/lib/thumb/v7e-m+fp/hard\libc_nano.a(lib_a-tzlock.o)
                0x00001100                __tz_unlock
 .text._tzset_unlocked
                0x0000110c        0xc c:/program files (x86)/gnu tools arm embedded/8 2019-q3-update/bin/../lib/gcc/arm-none-eabi/8.3.1/../../../../arm-none-eabi/lib/thumb/v7e-m+fp/hard\libc_nano.a(lib_a-tzset.o)
                0x0000110c                _tzset_unlocked
 .text._tzset_unlocked_r
                0x00001118      0x2f8 c:/program files (x86)/gnu tools arm embedded/8 2019-q3-update/bin/../lib/gcc/arm-none-eabi/8.3.1/../../../../arm-none-eabi/lib/thumb/v7e-m+fp/hard\libc_nano.a(lib_a-tzset_r.o)
                0x00001118                _tzset_unlocked_r
 .text._vsnprintf_r
                0x00001410       0x58 c:/program files (x86)/gnu tools arm embedded/8 2019-q3-update/bin/../lib/gcc/arm-none-eabi/8.3.1/../../../../arm-none-eabi/lib/thumb/v7e-m+fp/hard\libc_nano.a(lib_a-vsnprintf.o)
                0x00001410                _vsniprintf_r
                0x00001410                _vsnprintf_r
 .text.vsnprintf
                0x00001468       0x1c c:/program files (x86)/gnu tools arm embedded/8 2019-q3-update/bin/../lib/gcc/arm-none-eabi/8.3.1/../../../../arm-none-eabi/lib/thumb/v7e-m+fp/hard\libc_nano.a(lib_a-vsnprintf.o)
                0x00001468                vsniprintf
                0x00001468                vsnprintf
 .text._findenv_r
                0x00001484       0x74 c:/program files (x86)/gnu tools arm embedded/8 2019-q3-update/bin/../lib/gcc/arm-none-eabi/8.3.1/../../../../arm-none-eabi/lib/thumb/v7e-m+fp/hard\libc_nano.a(lib_a-getenv_r.o)
                0x00001484                _findenv_r
 .text._getenv_r
                0x000014f8        0xe c:/program files (x86)/gnu tools arm embedded/8 2019-q3-update/bin/../lib/gcc/arm-none-eabi/8.3.1/../../../../arm-none-eabi/lib/thumb/v7e-m+fp/hard\libc_nano.a(lib_a-getenv_r.o)
                0x000014f8                _getenv_r
 *fill*         0x00001506        0x2 
 .text._gettimeofday_r
                0x00001508       0x24 c:/program files (x86)/gnu tools arm embedded/8 2019-q3-update/bin/../lib/gcc/arm-none-eabi/8.3.1/../../../../arm-none-eabi/lib/thumb/v7e-m+fp/hard\libc_nano.a(lib_a-gettimeofdayr.o)
                0x00001508                _gettimeofday_r
 .text.__gettzinfo
                0x0000152c        0x8 c:/program files (x86)/gnu tools arm embedded/8 2019-q3-update/bin/../lib/gcc/arm-none-eabi/8.3.1/../../../../arm-none-eabi/lib/thumb/v7e-m+fp/hard\libc_nano.a(lib_a-gettzinfo.o)
                0x0000152c                __gettzinfo
 .text.gmtime_r
                0x00001534      0x158 c:/program files (x86)/gnu tools arm embedded/8 2019-q3-update/bin/../lib/gcc/arm-none-eabi/8.3.1/../../../../arm-none-eabi/lib/thumb/v7e-m+fp/hard\libc_nano.a(lib_a-gmtime_r.o)
                0x00001534                gmtime_r
 .text.__retarget_lock_init_recursive
                0x0000168c        0x2 c:/program files (x86)/gnu tools arm embedded/8 2019-q3-update/bin/../lib/gcc/arm-none-eabi/8.3.1/../../../../arm-none-eabi/lib/thumb/v7e-m+fp/hard\libc_nano.a(lib_a-lock.o)
                0x0000168c                __retarget_lock_init_recursive
 .text.__retarget_lock_acquire
                0x0000168e        0x2 c:/program files (x86)/gnu tools arm embedded/8 2019-q3-update/bin/../lib/gcc/arm-none-eabi/8.3.1/../../../../arm-none-eabi/lib/thumb/v7e-m+fp/hard\libc_nano.a(lib_a-lock.o)
                0x0000168e                __retarget_lock_acquire
 .text.__retarget_lock_acquire_recursive
                0x00001690        0x2 c:/program files (x86)/gnu tools arm embedded/8 2019-q3-update/bin/../lib/gcc/arm-none-eabi/8.3.1/../../../../arm-none-eabi/lib/thumb/v7e-m+fp/hard\libc_nano.a(lib_a-lock.o)
                0x00001690                __retarget_lock_acquire_recursive
 .text.__retarget_lock_release
                0x00001692        0x2 c:/program files (x86)/gnu tools arm embedded/8 2019-q3-update/bin/../lib/gcc/arm-none-eabi/8.3.1/../../../../arm-none-eabi/lib/thumb/v7e-m+fp/hard\libc_nano.a(lib_a-lock.o)
                0x00001692                __retarget_lock_release
 .text.__retarget_lock_release_recursive
                0x00001694        0x2 c:/program files (x86)/gnu tools arm embedded/8 2019-q3-update/bin/../lib/gcc/arm-none-eabi/8.3.1/../../../../arm-none-eabi/lib/thumb/v7e-m+fp/hard\libc_nano.a(lib_a-lock.o)
                0x00001694                __retarget_lock_release_recursive
 *fill*         0x00001696        0x2 
 .text.__malloc_lock
                0x00001698        0xc c:/program files (x86)/gnu tools arm embedded/8 2019-q3-update/bin/../lib/gcc/arm-none-eabi/8.3.1/../../../../arm-none-eabi/lib/thumb/v7e-m+fp/hard\libc_nano.a(lib_a-mlock.o)
                0x00001698                __malloc_lock
 .text.__malloc_unlock
                0x000016a4        0xc c:/program files (x86)/gnu tools arm embedded/8 2019-q3-update/bin/../lib/gcc/arm-none-eabi/8.3.1/../../../../arm-none-eabi/lib/thumb/v7e-m+fp/hard\libc_nano.a(lib_a-mlock.o)
                0x000016a4                __malloc_unlock
 .text.__ssputs_r
                0x000016b0       0xb6 c:/program files (x86)/gnu tools arm embedded/8 2019-q3-update/bin/../lib/gcc/arm-none-eabi/8.3.1/../../../../arm-none-eabi/lib/thumb/v7e-m+fp/hard\libc_nano.a(lib_a-nano-svfprintf.o)
                0x000016b0                __ssputs_r
 *fill*         0x00001766        0x2 
 .text._svfprintf_r
                0x00001768      0x1f0 c:/program files (x86)/gnu tools arm embedded/8 2019-q3-update/bin/../lib/gcc/arm-none-eabi/8.3.1/../../../../arm-none-eabi/lib/thumb/v7e-m+fp/hard\libc_nano.a(lib_a-nano-svfprintf.o)
                0x00001768                _svfiprintf_r
                0x00001768                _svfprintf_r
 .text._printf_common
                0x00001958       0xea c:/program files (x86)/gnu tools arm embedded/8 2019-q3-update/bin/../lib/gcc/arm-none-eabi/8.3.1/../../../../arm-none-eabi/lib/thumb/v7e-m+fp/hard\libc_nano.a(lib_a-nano-vfprintf_i.o)
                0x00001958                _printf_common
 *fill*         0x00001a42        0x2 
 .text._printf_i
                0x00001a44      0x228 c:/program files (x86)/gnu tools arm embedded/8 2019-q3-update/bin/../lib/gcc/arm-none-eabi/8.3.1/../../../../arm-none-eabi/lib/thumb/v7e-m+fp/hard\libc_nano.a(lib_a-nano-vfprintf_i.o)
                0x00001a44                _printf_i
 .text.sscanf   0x00001c6c       0x54 c:/program files (x86)/gnu tools arm embedded/8 2019-q3-update/bin/../lib/gcc/arm-none-eabi/8.3.1/../../../../arm-none-eabi/lib/thumb/v7e-m+fp/hard\libc_nano.a(lib_a-sscanf.o)
                0x00001c6c                siscanf
                0x00001c6c                sscanf
 .text.__sread  0x00001cc0       0x22 c:/program files (x86)/gnu tools arm embedded/8 2019-q3-update/bin/../lib/gcc/arm-none-eabi/8.3.1/../../../../arm-none-eabi/lib/thumb/v7e-m+fp/hard\libc_nano.a(lib_a-stdio.o)
                0x00001cc0                __sread
 .text.__seofread
                0x00001ce2        0x4 c:/program files (x86)/gnu tools arm embedded/8 2019-q3-update/bin/../lib/gcc/arm-none-eabi/8.3.1/../../../../arm-none-eabi/lib/thumb/v7e-m+fp/hard\libc_nano.a(lib_a-stdio.o)
                0x00001ce2                __seofread
 .text.__swrite
                0x00001ce6       0x38 c:/program files (x86)/gnu tools arm embedded/8 2019-q3-update/bin/../lib/gcc/arm-none-eabi/8.3.1/../../../../arm-none-eabi/lib/thumb/v7e-m+fp/hard\libc_nano.a(lib_a-stdio.o)
                0x00001ce6                __swrite
 .text.__sseek  0x00001d1e       0x24 c:/program files (x86)/gnu tools arm embedded/8 2019-q3-update/bin/../lib/gcc/arm-none-eabi/8.3.1/../../../../arm-none-eabi/lib/thumb/v7e-m+fp/hard\libc_nano.a(lib_a-stdio.o)
                0x00001d1e                __sseek
 .text.__sclose
                0x00001d42        0x8 c:/program files (x86)/gnu tools arm embedded/8 2019-q3-update/bin/../lib/gcc/arm-none-eabi/8.3.1/../../../../arm-none-eabi/lib/thumb/v7e-m+fp/hard\libc_nano.a(lib_a-stdio.o)
                0x00001d42                __sclose
 .text          0x00001d4a       0x14 c:/program files (x86)/gnu tools arm embedded/8 2019-q3-update/bin/../lib/gcc/arm-none-eabi/8.3.1/../../../../arm-none-eabi/lib/thumb/v7e-m+fp/hard\libc_nano.a(lib_a-strcmp.o)
                0x00001d4a                strcmp
 .text.strcpy   0x00001d5e       0x10 c:/program files (x86)/gnu tools arm embedded/8 2019-q3-update/bin/../lib/gcc/arm-none-eabi/8.3.1/../../../../arm-none-eabi/lib/thumb/v7e-m+fp/hard\libc_nano.a(lib_a-strcpy.o)
                0x00001d5e                strcpy
 .text.strncmp  0x00001d6e       0x24 c:/program files (x86)/gnu tools arm embedded/8 2019-q3-update/bin/../lib/gcc/arm-none-eabi/8.3.1/../../../../arm-none-eabi/lib/thumb/v7e-m+fp/hard\libc_nano.a(lib_a-strncmp.o)
                0x00001d6e                strncmp
 *fill*         0x00001d92        0x2 
 .text._strtoul_l.isra.0
                0x00001d94       0xec c:/program files (x86)/gnu tools arm embedded/8 2019-q3-update/bin/../lib/gcc/arm-none-eabi/8.3.1/../../../../arm-none-eabi/lib/thumb/v7e-m+fp/hard\libc_nano.a(lib_a-strtoul.o)
 .text._strtoul_r
                0x00001e80        0x4 c:/program files (x86)/gnu tools arm embedded/8 2019-q3-update/bin/../lib/gcc/arm-none-eabi/8.3.1/../../../../arm-none-eabi/lib/thumb/v7e-m+fp/hard\libc_nano.a(lib_a-strtoul.o)
                0x00001e80                _strtoul_r
 .text.strtoul  0x00001e84       0x14 c:/program files (x86)/gnu tools arm embedded/8 2019-q3-update/bin/../lib/gcc/arm-none-eabi/8.3.1/../../../../arm-none-eabi/lib/thumb/v7e-m+fp/hard\libc_nano.a(lib_a-strtoul.o)
                0x00001e84                strtoul
 .text._write_r
                0x00001e98       0x24 c:/program files (x86)/gnu tools arm embedded/8 2019-q3-update/bin/../lib/gcc/arm-none-eabi/8.3.1/../../../../arm-none-eabi/lib/thumb/v7e-m+fp/hard\libc_nano.a(lib_a-writer.o)
                0x00001e98                _write_r
 .text._close_r
                0x00001ebc       0x20 c:/program files (x86)/gnu tools arm embedded/8 2019-q3-update/bin/../lib/gcc/arm-none-eabi/8.3.1/../../../../arm-none-eabi/lib/thumb/v7e-m+fp/hard\libc_nano.a(lib_a-closer.o)
                0x00001ebc                _close_r
 .text.__env_lock
                0x00001edc        0xc c:/program files (x86)/gnu tools arm embedded/8 2019-q3-update/bin/../lib/gcc/arm-none-eabi/8.3.1/../../../../arm-none-eabi/lib/thumb/v7e-m+fp/hard\libc_nano.a(lib_a-envlock.o)
                0x00001edc                __env_lock
 .text.__env_unlock
                0x00001ee8        0xc c:/program files (x86)/gnu tools arm embedded/8 2019-q3-update/bin/../lib/gcc/arm-none-eabi/8.3.1/../../../../arm-none-eabi/lib/thumb/v7e-m+fp/hard\libc_nano.a(lib_a-envlock.o)
                0x00001ee8                __env_unlock
 .text._lseek_r
                0x00001ef4       0x24 c:/program files (x86)/gnu tools arm embedded/8 2019-q3-update/bin/../lib/gcc/arm-none-eabi/8.3.1/../../../../arm-none-eabi/lib/thumb/v7e-m+fp/hard\libc_nano.a(lib_a-lseekr.o)
                0x00001ef4                _lseek_r
 *fill*         0x00001f18        0x8 
 .text          0x00001f20       0xa0 c:/program files (x86)/gnu tools arm embedded/8 2019-q3-update/bin/../lib/gcc/arm-none-eabi/8.3.1/../../../../arm-none-eabi/lib/thumb/v7e-m+fp/hard\libc_nano.a(lib_a-memchr.o)
                0x00001f20                memchr
 .text.memcpy   0x00001fc0       0x1c c:/program files (x86)/gnu tools arm embedded/8 2019-q3-update/bin/../lib/gcc/arm-none-eabi/8.3.1/../../../../arm-none-eabi/lib/thumb/v7e-m+fp/hard\libc_nano.a(lib_a-memcpy-stub.o)
                0x00001fc0                memcpy
 .text.memmove  0x00001fdc       0x34 c:/program files (x86)/gnu tools arm embedded/8 2019-q3-update/bin/../lib/gcc/arm-none-eabi/8.3.1/../../../../arm-none-eabi/lib/thumb/v7e-m+fp/hard\libc_nano.a(lib_a-memmove.o)
                0x00001fdc                memmove
 .text._realloc_r
                0x00002010       0x4c c:/program files (x86)/gnu tools arm embedded/8 2019-q3-update/bin/../lib/gcc/arm-none-eabi/8.3.1/../../../../arm-none-eabi/lib/thumb/v7e-m+fp/hard\libc_nano.a(lib_a-nano-reallocr.o)
                0x00002010                _realloc_r
 .text._sungetc_r
                0x0000205c       0x7a c:/program files (x86)/gnu tools arm embedded/8 2019-q3-update/bin/../lib/gcc/arm-none-eabi/8.3.1/../../../../arm-none-eabi/lib/thumb/v7e-m+fp/hard\libc_nano.a(lib_a-nano-svfscanf.o)
                0x0000205c                _sungetc_r
 .text.__ssrefill_r
                0x000020d6       0x3a c:/program files (x86)/gnu tools arm embedded/8 2019-q3-update/bin/../lib/gcc/arm-none-eabi/8.3.1/../../../../arm-none-eabi/lib/thumb/v7e-m+fp/hard\libc_nano.a(lib_a-nano-svfscanf.o)
                0x000020d6                __ssrefill_r
 .text.__ssvfscanf_r
                0x00002110      0x290 c:/program files (x86)/gnu tools arm embedded/8 2019-q3-update/bin/../lib/gcc/arm-none-eabi/8.3.1/../../../../arm-none-eabi/lib/thumb/v7e-m+fp/hard\libc_nano.a(lib_a-nano-svfscanf.o)
                0x00002110                __ssvfiscanf_r
                0x00002110                __ssvfscanf_r
 .text._scanf_chars
                0x000023a0       0xb0 c:/program files (x86)/gnu tools arm embedded/8 2019-q3-update/bin/../lib/gcc/arm-none-eabi/8.3.1/../../../../arm-none-eabi/lib/thumb/v7e-m+fp/hard\libc_nano.a(lib_a-nano-vfscanf_i.o)
                0x000023a0                _scanf_chars
 .text._scanf_i
                0x00002450      0x1e8 c:/program files (x86)/gnu tools arm embedded/8 2019-q3-update/bin/../lib/gcc/arm-none-eabi/8.3.1/../../../../arm-none-eabi/lib/thumb/v7e-m+fp/hard\libc_nano.a(lib_a-nano-vfscanf_i.o)
                0x00002450                _scanf_i
 .text._read_r  0x00002638       0x24 c:/program files (x86)/gnu tools arm embedded/8 2019-q3-update/bin/../lib/gcc/arm-none-eabi/8.3.1/../../../../arm-none-eabi/lib/thumb/v7e-m+fp/hard\libc_nano.a(lib_a-readr.o)
                0x00002638                _read_r
 .text.__sccl   0x0000265c       0x64 c:/program files (x86)/gnu tools arm embedded/8 2019-q3-update/bin/../lib/gcc/arm-none-eabi/8.3.1/../../../../arm-none-eabi/lib/thumb/v7e-m+fp/hard\libc_nano.a(lib_a-sccl.o)
                0x0000265c                __sccl
 .text._strtol_l.isra.0
                0x000026c0       0xf0 c:/program files (x86)/gnu tools arm embedded/8 2019-q3-update/bin/../lib/gcc/arm-none-eabi/8.3.1/../../../../arm-none-eabi/lib/thumb/v7e-m+fp/hard\libc_nano.a(lib_a-strtol.o)
 .text._strtol_r
                0x000027b0        0x4 c:/program files (x86)/gnu tools arm embedded/8 2019-q3-update/bin/../lib/gcc/arm-none-eabi/8.3.1/../../../../arm-none-eabi/lib/thumb/v7e-m+fp/hard\libc_nano.a(lib_a-strtol.o)
                0x000027b0                _strtol_r
 .text.__submore
                0x000027b4       0x74 c:/program files (x86)/gnu tools arm embedded/8 2019-q3-update/bin/../lib/gcc/arm-none-eabi/8.3.1/../../../../arm-none-eabi/lib/thumb/v7e-m+fp/hard\libc_nano.a(lib_a-ungetc.o)
                0x000027b4                __submore
 .text.__sflush_r
                0x00002828      0x10c c:/program files (x86)/gnu tools arm embedded/8 2019-q3-update/bin/../lib/gcc/arm-none-eabi/8.3.1/../../../../arm-none-eabi/lib/thumb/v7e-m+fp/hard\libc_nano.a(lib_a-fflush.o)
                0x00002828                __sflush_r
 .text._fflush_r
                0x00002934       0x78 c:/program files (x86)/gnu tools arm embedded/8 2019-q3-update/bin/../lib/gcc/arm-none-eabi/8.3.1/../../../../arm-none-eabi/lib/thumb/v7e-m+fp/hard\libc_nano.a(lib_a-fflush.o)
                0x00002934                _fflush_r
 .text.std      0x000029ac       0x48 c:/program files (x86)/gnu tools arm embedded/8 2019-q3-update/bin/../lib/gcc/arm-none-eabi/8.3.1/../../../../arm-none-eabi/lib/thumb/v7e-m+fp/hard\libc_nano.a(lib_a-findfp.o)
 .text._cleanup_r
                0x000029f4        0xc c:/program files (x86)/gnu tools arm embedded/8 2019-q3-update/bin/../lib/gcc/arm-none-eabi/8.3.1/../../../../arm-none-eabi/lib/thumb/v7e-m+fp/hard\libc_nano.a(lib_a-findfp.o)
                0x000029f4                _cleanup_r
 .text.__sfmoreglue
                0x00002a00       0x2c c:/program files (x86)/gnu tools arm embedded/8 2019-q3-update/bin/../lib/gcc/arm-none-eabi/8.3.1/../../../../arm-none-eabi/lib/thumb/v7e-m+fp/hard\libc_nano.a(lib_a-findfp.o)
                0x00002a00                __sfmoreglue
 .text.__sfp_lock_acquire
                0x00002a2c        0xc c:/program files (x86)/gnu tools arm embedded/8 2019-q3-update/bin/../lib/gcc/arm-none-eabi/8.3.1/../../../../arm-none-eabi/lib/thumb/v7e-m+fp/hard\libc_nano.a(lib_a-findfp.o)
                0x00002a2c                __sfp_lock_acquire
 .text.__sfp_lock_release
                0x00002a38        0xc c:/program files (x86)/gnu tools arm embedded/8 2019-q3-update/bin/../lib/gcc/arm-none-eabi/8.3.1/../../../../arm-none-eabi/lib/thumb/v7e-m+fp/hard\libc_nano.a(lib_a-findfp.o)
                0x00002a38                __sfp_lock_release
 .text.__sinit_lock_acquire
                0x00002a44        0xc c:/program files (x86)/gnu tools arm embedded/8 2019-q3-update/bin/../lib/gcc/arm-none-eabi/8.3.1/../../../../arm-none-eabi/lib/thumb/v7e-m+fp/hard\libc_nano.a(lib_a-findfp.o)
                0x00002a44                __sinit_lock_acquire
 .text.__sinit_lock_release
                0x00002a50        0xc c:/program files (x86)/gnu tools arm embedded/8 2019-q3-update/bin/../lib/gcc/arm-none-eabi/8.3.1/../../../../arm-none-eabi/lib/thumb/v7e-m+fp/hard\libc_nano.a(lib_a-findfp.o)
                0x00002a50                __sinit_lock_release
 .text.__sinit  0x00002a5c       0x70 c:/program files (x86)/gnu tools arm embedded/8 2019-q3-update/bin/../lib/gcc/arm-none-eabi/8.3.1/../../../../arm-none-eabi/lib/thumb/v7e-m+fp/hard\libc_nano.a(lib_a-findfp.o)
                0x00002a5c                __sinit
 .text.__sfp    0x00002acc       0x8c c:/program files (x86)/gnu tools arm embedded/8 2019-q3-update/bin/../lib/gcc/arm-none-eabi/8.3.1/../../../../arm-none-eabi/lib/thumb/v7e-m+fp/hard\libc_nano.a(lib_a-findfp.o)
                0x00002acc                __sfp
 .text._fwalk_reent
                0x00002b58       0x3c c:/program files (x86)/gnu tools arm embedded/8 2019-q3-update/bin/../lib/gcc/arm-none-eabi/8.3.1/../../../../arm-none-eabi/lib/thumb/v7e-m+fp/hard\libc_nano.a(lib_a-fwalk.o)
                0x00002b58                _fwalk_reent
 .text.memset   0x00002b94       0x10 c:/program files (x86)/gnu tools arm embedded/8 2019-q3-update/bin/../lib/gcc/arm-none-eabi/8.3.1/../../../../arm-none-eabi/lib/thumb/v7e-m+fp/hard\libc_nano.a(lib_a-memset.o)
                0x00002b94                memset
 .text._malloc_usable_size_r
                0x00002ba4       0x10 c:/program files (x86)/gnu tools arm embedded/8 2019-q3-update/bin/../lib/gcc/arm-none-eabi/8.3.1/../../../../arm-none-eabi/lib/thumb/v7e-m+fp/hard\libc_nano.a(lib_a-nano-msizer.o)
                0x00002ba4                _malloc_usable_size_r
 .text          0x00002bb4       0xa0 c:/program files (x86)/gnu tools arm embedded/8 2019-q3-update/bin/../lib/gcc/arm-none-eabi/8.3.1/thumb/v7e-m+fp/hard\libgcc.a(_aeabi_ldivmod.o)
                0x00002bb4                __aeabi_ldivmod
 .text          0x00002c54      0x2d0 c:/program files (x86)/gnu tools arm embedded/8 2019-q3-update/bin/../lib/gcc/arm-none-eabi/8.3.1/thumb/v7e-m+fp/hard\libgcc.a(_udivmoddi4.o)
                0x00002c54                __udivmoddi4
 .text          0x00002f24        0x4 c:/program files (x86)/gnu tools arm embedded/8 2019-q3-update/bin/../lib/gcc/arm-none-eabi/8.3.1/thumb/v7e-m+fp/hard\libgcc.a(_dvmd_tls.o)
                0x00002f24                __aeabi_idiv0
                0x00002f24                __aeabi_ldiv0
 .text.findslot
                0x00002f28       0x34 c:/program files (x86)/gnu tools arm embedded/8 2019-q3-update/bin/../lib/gcc/arm-none-eabi/8.3.1/../../../../arm-none-eabi/lib/thumb/v7e-m+fp/hard\librdimon_nano.a(rdimon-syscalls.o)
 .text.checkerror
                0x00002f5c       0x20 c:/program files (x86)/gnu tools arm embedded/8 2019-q3-update/bin/../lib/gcc/arm-none-eabi/8.3.1/../../../../arm-none-eabi/lib/thumb/v7e-m+fp/hard\librdimon_nano.a(rdimon-syscalls.o)
 .text.error    0x00002f7c       0x1c c:/program files (x86)/gnu tools arm embedded/8 2019-q3-update/bin/../lib/gcc/arm-none-eabi/8.3.1/../../../../arm-none-eabi/lib/thumb/v7e-m+fp/hard\librdimon_nano.a(rdimon-syscalls.o)
 .text._swilseek
                0x00002f98       0x78 c:/program files (x86)/gnu tools arm embedded/8 2019-q3-update/bin/../lib/gcc/arm-none-eabi/8.3.1/../../../../arm-none-eabi/lib/thumb/v7e-m+fp/hard\librdimon_nano.a(rdimon-syscalls.o)
                0x00002f98                _swilseek
 .text._lseek   0x00003010        0x4 c:/program files (x86)/gnu tools arm embedded/8 2019-q3-update/bin/../lib/gcc/arm-none-eabi/8.3.1/../../../../arm-none-eabi/lib/thumb/v7e-m+fp/hard\librdimon_nano.a(rdimon-syscalls.o)
                0x00003010                _lseek
 .text._swiclose
                0x00003014       0x1a c:/program files (x86)/gnu tools arm embedded/8 2019-q3-update/bin/../lib/gcc/arm-none-eabi/8.3.1/../../../../arm-none-eabi/lib/thumb/v7e-m+fp/hard\librdimon_nano.a(rdimon-syscalls.o)
                0x00003014                _swiclose
 *fill*         0x0000302e        0x2 
 .text._close   0x00003030       0x4c c:/program files (x86)/gnu tools arm embedded/8 2019-q3-update/bin/../lib/gcc/arm-none-eabi/8.3.1/../../../../arm-none-eabi/lib/thumb/v7e-m+fp/hard\librdimon_nano.a(rdimon-syscalls.o)
                0x00003030                _close
 .text._swiopen
                0x0000307c       0xb4 c:/program files (x86)/gnu tools arm embedded/8 2019-q3-update/bin/../lib/gcc/arm-none-eabi/8.3.1/../../../../arm-none-eabi/lib/thumb/v7e-m+fp/hard\librdimon_nano.a(rdimon-syscalls.o)
                0x0000307c                _swiopen
 .text._get_semihosting_exts
                0x00003130       0xb4 c:/program files (x86)/gnu tools arm embedded/8 2019-q3-update/bin/../lib/gcc/arm-none-eabi/8.3.1/../../../../arm-none-eabi/lib/thumb/v7e-m+fp/hard\librdimon_nano.a(rdimon-syscalls.o)
                0x00003130                _get_semihosting_exts
 .text.initialise_semihosting_exts
                0x000031e4       0x34 c:/program files (x86)/gnu tools arm embedded/8 2019-q3-update/bin/../lib/gcc/arm-none-eabi/8.3.1/../../../../arm-none-eabi/lib/thumb/v7e-m+fp/hard\librdimon_nano.a(rdimon-syscalls.o)
 .text._has_ext_stdout_stderr
                0x00003218       0x18 c:/program files (x86)/gnu tools arm embedded/8 2019-q3-update/bin/../lib/gcc/arm-none-eabi/8.3.1/../../../../arm-none-eabi/lib/thumb/v7e-m+fp/hard\librdimon_nano.a(rdimon-syscalls.o)
                0x00003218                _has_ext_stdout_stderr
 .text.initialise_monitor_handles
                0x00003230       0xbc c:/program files (x86)/gnu tools arm embedded/8 2019-q3-update/bin/../lib/gcc/arm-none-eabi/8.3.1/../../../../arm-none-eabi/lib/thumb/v7e-m+fp/hard\librdimon_nano.a(rdimon-syscalls.o)
                0x00003230                initialise_monitor_handles
 .text._gettimeofday
                0x000032ec       0x2a c:/program files (x86)/gnu tools arm embedded/8 2019-q3-update/bin/../lib/gcc/arm-none-eabi/8.3.1/../../../../arm-none-eabi/lib/thumb/v7e-m+fp/hard\librdimon_nano.a(rdimon-syscalls.o)
                0x000032ec                _gettimeofday
 *(.rodata .rodata* .gnu.linkonce.r.*)
 .rodata.UnityEnd.str1.1
                0x00003316       0x59 ./unity/unity.o
 .rodata.UnityPrintFail.str1.1
                0x0000336f        0x5 ./unity/unity.o
 .rodata.UnityPrintOk.str1.1
                0x00003374        0x3 ./unity/unity.o
 *fill*         0x00003377        0x1 
 .rodata.UnitySizeMask
                0x00003378       0x1c ./unity/unity.o
                0x00003378                UnitySizeMask
 .rodata.UnityStrExpected
                0x00003394        0xb ./unity/unity.o
                0x00003394                UnityStrExpected
 .rodata.UnityStrFail
                0x0000339f        0x5 ./unity/unity.o
                0x0000339f                UnityStrFail
 .rodata.UnityStrIgnore
                0x000033a4        0x7 ./unity/unity.o
                0x000033a4                UnityStrIgnore
 .rodata.UnityStrPass
                0x000033ab        0x5 ./unity/unity.o
                0x000033ab                UnityStrPass
 .rodata.UnityStrResultsFailures
                0x000033b0        0xb ./unity/unity.o
                0x000033b0                UnityStrResultsFailures
 .rodata.UnityStrResultsIgnored
                0x000033bb        0xa ./unity/unity.o
                0x000033bb                UnityStrResultsIgnored
 .rodata.UnityStrResultsTests
                0x000033c5        0x8 ./unity/unity.o
                0x000033c5                UnityStrResultsTests
 .rodata.UnityStrSpacer
                0x000033cd        0x3 ./unity/unity.o
                0x000033cd                UnityStrSpacer
 .rodata.UnityStrWas
                0x000033d0        0x6 ./unity/unity.o
                0x000033d0                UnityStrWas
 .rodata.UnitySummary.str1.1
                0x000033d6       0x6b ./unity/unity.o
 .rodata.UnityTestResultsBegin.str1.1
                0x00003441       0x52 ./unity/unity.o
                                 0x55 (size before relaxing)
 .rodata.UnityTestResultsFailBegin.str1.1
                0x00003493        0xe ./unity/unity.o
 .rodata.test_SysInitModule_BareMetalBlock_Hardware_TestIf_TestIsIgnored_WithMessage.str1.1
                0x000034a1       0x18 ./test/SysInitModule/BareMetalBlock/test_SysInitModule_BareMetalBlock_Hardware.o
 .rodata.test_SysInitModule_BareMetalBlock_Hardware_runner.str1.1
                0x000034b9      0x103 ./test/SysInitModule/BareMetalBlock/test_SysInitModule_BareMetalBlock_Hardware_runner.o
 .rodata.trace_puts.str1.1
                0x000035bc        0x2 ./diag/Trace.o
 .rodata._global_impure_ptr
                0x000035bc        0x4 c:/program files (x86)/gnu tools arm embedded/8 2019-q3-update/bin/../lib/gcc/arm-none-eabi/8.3.1/../../../../arm-none-eabi/lib/thumb/v7e-m+fp/hard\libc_nano.a(lib_a-impure.o)
                0x000035bc                _global_impure_ptr
 .rodata.__month_lengths
                0x000035c0       0x60 c:/program files (x86)/gnu tools arm embedded/8 2019-q3-update/bin/../lib/gcc/arm-none-eabi/8.3.1/../../../../arm-none-eabi/lib/thumb/v7e-m+fp/hard\libc_nano.a(lib_a-month_lengths.o)
                0x000035c0                __month_lengths
 .rodata._tzset_unlocked_r.str1.1
                0x00003620       0x3c c:/program files (x86)/gnu tools arm embedded/8 2019-q3-update/bin/../lib/gcc/arm-none-eabi/8.3.1/../../../../arm-none-eabi/lib/thumb/v7e-m+fp/hard\libc_nano.a(lib_a-tzset_r.o)
                                 0x4e (size before relaxing)
 .rodata.str1.1
                0x0000365c        0x4 c:/program files (x86)/gnu tools arm embedded/8 2019-q3-update/bin/../lib/gcc/arm-none-eabi/8.3.1/../../../../arm-none-eabi/lib/thumb/v7e-m+fp/hard\libc_nano.a(lib_a-tzvars.o)
 .rodata._svfprintf_r.str1.1
                0x0000365c       0x11 c:/program files (x86)/gnu tools arm embedded/8 2019-q3-update/bin/../lib/gcc/arm-none-eabi/8.3.1/../../../../arm-none-eabi/lib/thumb/v7e-m+fp/hard\libc_nano.a(lib_a-nano-svfprintf.o)
 .rodata._printf_i.str1.1
                0x0000366d       0x22 c:/program files (x86)/gnu tools arm embedded/8 2019-q3-update/bin/../lib/gcc/arm-none-eabi/8.3.1/../../../../arm-none-eabi/lib/thumb/v7e-m+fp/hard\libc_nano.a(lib_a-nano-vfprintf_i.o)
 .rodata._ctype_
                0x0000368f      0x101 c:/program files (x86)/gnu tools arm embedded/8 2019-q3-update/bin/../lib/gcc/arm-none-eabi/8.3.1/../../../../arm-none-eabi/lib/thumb/v7e-m+fp/hard\libc_nano.a(lib_a-ctype_.o)
                0x0000368f                _ctype_
 .rodata.__ssvfscanf_r.str1.1
                0x00003790        0x4 c:/program files (x86)/gnu tools arm embedded/8 2019-q3-update/bin/../lib/gcc/arm-none-eabi/8.3.1/../../../../arm-none-eabi/lib/thumb/v7e-m+fp/hard\libc_nano.a(lib_a-nano-svfscanf.o)
 .rodata        0x00003790        0xc c:/program files (x86)/gnu tools arm embedded/8 2019-q3-update/bin/../lib/gcc/arm-none-eabi/8.3.1/../../../../arm-none-eabi/lib/thumb/v7e-m+fp/hard\libc_nano.a(lib_a-nano-vfscanf_i.o)
 .rodata._scanf_i.str1.1
                0x0000379c       0x12 c:/program files (x86)/gnu tools arm embedded/8 2019-q3-update/bin/../lib/gcc/arm-none-eabi/8.3.1/../../../../arm-none-eabi/lib/thumb/v7e-m+fp/hard\libc_nano.a(lib_a-nano-vfscanf_i.o)
 .rodata.str1.1
                0x000037ae        0x9 c:/program files (x86)/gnu tools arm embedded/8 2019-q3-update/bin/../lib/gcc/arm-none-eabi/8.3.1/../../../../arm-none-eabi/lib/thumb/v7e-m+fp/hard\libc_nano.a(lib_a-nano-vfscanf_i.o)
 *fill*         0x000037b7        0x1 
 .rodata.__sf_fake_stderr
                0x000037b8       0x20 c:/program files (x86)/gnu tools arm embedded/8 2019-q3-update/bin/../lib/gcc/arm-none-eabi/8.3.1/../../../../arm-none-eabi/lib/thumb/v7e-m+fp/hard\libc_nano.a(lib_a-findfp.o)
                0x000037b8                __sf_fake_stderr
 .rodata.__sf_fake_stdin
                0x000037d8       0x20 c:/program files (x86)/gnu tools arm embedded/8 2019-q3-update/bin/../lib/gcc/arm-none-eabi/8.3.1/../../../../arm-none-eabi/lib/thumb/v7e-m+fp/hard\libc_nano.a(lib_a-findfp.o)
                0x000037d8                __sf_fake_stdin
 .rodata.__sf_fake_stdout
                0x000037f8       0x20 c:/program files (x86)/gnu tools arm embedded/8 2019-q3-update/bin/../lib/gcc/arm-none-eabi/8.3.1/../../../../arm-none-eabi/lib/thumb/v7e-m+fp/hard\libc_nano.a(lib_a-findfp.o)
                0x000037f8                __sf_fake_stdout
 .rodata._get_semihosting_exts.str1.1
                0x00003818       0x16 c:/program files (x86)/gnu tools arm embedded/8 2019-q3-update/bin/../lib/gcc/arm-none-eabi/8.3.1/../../../../arm-none-eabi/lib/thumb/v7e-m+fp/hard\librdimon_nano.a(rdimon-syscalls.o)
 .rodata.initialise_monitor_handles.str1.1
                0x0000382e        0x4 c:/program files (x86)/gnu tools arm embedded/8 2019-q3-update/bin/../lib/gcc/arm-none-eabi/8.3.1/../../../../arm-none-eabi/lib/thumb/v7e-m+fp/hard\librdimon_nano.a(rdimon-syscalls.o)
                0x00003834                . = ALIGN (0x4)
 *fill*         0x00003832        0x2 
 *(.init)
                0x00003834                . = ALIGN (0x4)
                0x00003834                __preinit_array_start = .
 *(SORT_BY_NAME(.preinit_array*))
 *(.preinit_array)
                0x00003834                __preinit_array_end = .
                0x00003834                . = ALIGN (0x4)
                0x00003834                __init_array_start = .
 *(SORT_BY_NAME(.init_array*))
 *(.init_array)
                0x00003834                __init_array_end = .
                0x00003834                . = ALIGN (0x4)
 *(.fini)
                0x00003834                . = ALIGN (0x4)
                0x00003834                __fini_array_start = .
 *(.fini_array)
 *(SORT_BY_NAME(.fini_array*))
                0x00003834                __fini_array_end = .
                0x00003834                . = ALIGN (0x4)
                0x00003834                _etext = .

.glue_7         0x00003834        0x0
 .glue_7        0x00003834        0x0 linker stubs

.glue_7t        0x00003834        0x0
 .glue_7t       0x00003834        0x0 linker stubs

.vfp11_veneer   0x00003834        0x0
 .vfp11_veneer  0x00003834        0x0 linker stubs

.v4_bx          0x00003834        0x0
 .v4_bx         0x00003834        0x0 linker stubs

.iplt           0x00003834        0x0
 .iplt          0x00003834        0x0 ./unity/unity.o

.data           0x20000000       0xd0 load address 0x00003834
                0x20000000                _data = .
 *(vtable)
 *(.data .data* .gnu.linkonce.d.*)
 .data.environ  0x20000000        0x4 ./support/_syscalls.o
                0x20000000                environ
 .data._impure_ptr
                0x20000004        0x4 c:/program files (x86)/gnu tools arm embedded/8 2019-q3-update/bin/../lib/gcc/arm-none-eabi/8.3.1/../../../../arm-none-eabi/lib/thumb/v7e-m+fp/hard\libc_nano.a(lib_a-impure.o)
                0x20000004                _impure_ptr
 .data.impure_data
                0x20000008       0x60 c:/program files (x86)/gnu tools arm embedded/8 2019-q3-update/bin/../lib/gcc/arm-none-eabi/8.3.1/../../../../arm-none-eabi/lib/thumb/v7e-m+fp/hard\libc_nano.a(lib_a-impure.o)
 .data._tzname  0x20000068        0x8 c:/program files (x86)/gnu tools arm embedded/8 2019-q3-update/bin/../lib/gcc/arm-none-eabi/8.3.1/../../../../arm-none-eabi/lib/thumb/v7e-m+fp/hard\libc_nano.a(lib_a-tzvars.o)
                0x20000068                _tzname
 .data.tzinfo   0x20000070       0x58 c:/program files (x86)/gnu tools arm embedded/8 2019-q3-update/bin/../lib/gcc/arm-none-eabi/8.3.1/../../../../arm-none-eabi/lib/thumb/v7e-m+fp/hard\libc_nano.a(lib_a-gettzinfo.o)
 .data.supports_ext_exit_extended
                0x200000c8        0x4 c:/program files (x86)/gnu tools arm embedded/8 2019-q3-update/bin/../lib/gcc/arm-none-eabi/8.3.1/../../../../arm-none-eabi/lib/thumb/v7e-m+fp/hard\librdimon_nano.a(rdimon-syscalls.o)
 .data.supports_ext_stdout_stderr
                0x200000cc        0x4 c:/program files (x86)/gnu tools arm embedded/8 2019-q3-update/bin/../lib/gcc/arm-none-eabi/8.3.1/../../../../arm-none-eabi/lib/thumb/v7e-m+fp/hard\librdimon_nano.a(rdimon-syscalls.o)
 *(.fastcode)
                0x200000d0                _edata = .

.igot.plt       0x200000d0        0x0 load address 0x00003904
 .igot.plt      0x200000d0        0x0 ./unity/unity.o

.ARM.extab
 *(.ARM.extab* .gnu.linkonce.armextab.*)
                0x200000d0                __exidx_start = .

.ARM.exidx      0x00003904        0x8
 *(.ARM.exidx* .gnu.linkonce.armexidx.*)
 .ARM.exidx     0x00003904        0x8 c:/program files (x86)/gnu tools arm embedded/8 2019-q3-update/bin/../lib/gcc/arm-none-eabi/8.3.1/thumb/v7e-m+fp/hard\libgcc.a(_udivmoddi4.o)
                0x0000390c                __exidx_end = .

.rel.dyn        0x0000390c        0x0
 .rel.iplt      0x0000390c        0x0 ./unity/unity.o

.bss            0x200000d0      0x1f5
                0x200000d0                _bss = .
 *(.bss*)
 .bss.current_heap_end.5842
                0x200000d0        0x4 ./support/_sbrk.o
 .bss.__env     0x200000d4        0x4 ./support/_syscalls.o
                0x200000d4                __env
 .bss.buf.7088  0x200000d8       0x80 ./diag/Trace.o
 .bss.__malloc_free_list
                0x20000158        0x4 c:/program files (x86)/gnu tools arm embedded/8 2019-q3-update/bin/../lib/gcc/arm-none-eabi/8.3.1/../../../../arm-none-eabi/lib/thumb/v7e-m+fp/hard\libc_nano.a(lib_a-nano-mallocr.o)
                0x20000158                __malloc_free_list
 .bss.__malloc_sbrk_start
                0x2000015c        0x4 c:/program files (x86)/gnu tools arm embedded/8 2019-q3-update/bin/../lib/gcc/arm-none-eabi/8.3.1/../../../../arm-none-eabi/lib/thumb/v7e-m+fp/hard\libc_nano.a(lib_a-nano-mallocr.o)
                0x2000015c                __malloc_sbrk_start
 .bss.__tzname_dst
                0x20000160        0xb c:/program files (x86)/gnu tools arm embedded/8 2019-q3-update/bin/../lib/gcc/arm-none-eabi/8.3.1/../../../../arm-none-eabi/lib/thumb/v7e-m+fp/hard\libc_nano.a(lib_a-tzset_r.o)
 .bss.__tzname_std
                0x2000016b        0xb c:/program files (x86)/gnu tools arm embedded/8 2019-q3-update/bin/../lib/gcc/arm-none-eabi/8.3.1/../../../../arm-none-eabi/lib/thumb/v7e-m+fp/hard\libc_nano.a(lib_a-tzset_r.o)
 *fill*         0x20000176        0x2 
 .bss.prev_tzenv
                0x20000178        0x4 c:/program files (x86)/gnu tools arm embedded/8 2019-q3-update/bin/../lib/gcc/arm-none-eabi/8.3.1/../../../../arm-none-eabi/lib/thumb/v7e-m+fp/hard\libc_nano.a(lib_a-tzset_r.o)
 .bss._daylight
                0x2000017c        0x4 c:/program files (x86)/gnu tools arm embedded/8 2019-q3-update/bin/../lib/gcc/arm-none-eabi/8.3.1/../../../../arm-none-eabi/lib/thumb/v7e-m+fp/hard\libc_nano.a(lib_a-tzvars.o)
                0x2000017c                _daylight
 .bss._timezone
                0x20000180        0x4 c:/program files (x86)/gnu tools arm embedded/8 2019-q3-update/bin/../lib/gcc/arm-none-eabi/8.3.1/../../../../arm-none-eabi/lib/thumb/v7e-m+fp/hard\libc_nano.a(lib_a-tzvars.o)
                0x20000180                _timezone
 .bss.monitor_stderr
                0x20000184        0x4 c:/program files (x86)/gnu tools arm embedded/8 2019-q3-update/bin/../lib/gcc/arm-none-eabi/8.3.1/../../../../arm-none-eabi/lib/thumb/v7e-m+fp/hard\librdimon_nano.a(rdimon-syscalls.o)
 .bss.monitor_stdin
                0x20000188        0x4 c:/program files (x86)/gnu tools arm embedded/8 2019-q3-update/bin/../lib/gcc/arm-none-eabi/8.3.1/../../../../arm-none-eabi/lib/thumb/v7e-m+fp/hard\librdimon_nano.a(rdimon-syscalls.o)
 .bss.monitor_stdout
                0x2000018c        0x4 c:/program files (x86)/gnu tools arm embedded/8 2019-q3-update/bin/../lib/gcc/arm-none-eabi/8.3.1/../../../../arm-none-eabi/lib/thumb/v7e-m+fp/hard\librdimon_nano.a(rdimon-syscalls.o)
 .bss.openfiles
                0x20000190       0xa0 c:/program files (x86)/gnu tools arm embedded/8 2019-q3-update/bin/../lib/gcc/arm-none-eabi/8.3.1/../../../../arm-none-eabi/lib/thumb/v7e-m+fp/hard\librdimon_nano.a(rdimon-syscalls.o)
 *(COMMON)
 COMMON         0x20000230       0x88 ./unity/unity.o
                0x20000230                Unity
                0x200002b0                currentTime
 COMMON         0x200002b8        0x4 ./support/_syscalls.o
                0x200002b8                errno
 COMMON         0x200002bc        0x9 c:/program files (x86)/gnu tools arm embedded/8 2019-q3-update/bin/../lib/gcc/arm-none-eabi/8.3.1/../../../../arm-none-eabi/lib/thumb/v7e-m+fp/hard\libc_nano.a(lib_a-lock.o)
                0x200002bc                __lock___atexit_recursive_mutex
                0x200002bd                __lock___arc4random_mutex
                0x200002be                __lock___env_recursive_mutex
                0x200002bf                __lock___sinit_recursive_mutex
                0x200002c0                __lock___malloc_recursive_mutex
                0x200002c1                __lock___at_quick_exit_mutex
                0x200002c2                __lock___dd_hash_mutex
                0x200002c3                __lock___tz_mutex
                0x200002c4                __lock___sfp_recursive_mutex
                0x200002c5                _ebss = .
                0x200002c5                PROVIDE (end = .)
                0x200002c8                _heap_bottom = ALIGN (0x8)
                0x20007000                _heap_top = ((ORIGIN (SRAM) + LENGTH (SRAM)) - _stack_size)
                0x200002c8                _stack_bottom = ALIGN (0x8)
                0x20008000                _stack_top = (ORIGIN (SRAM) + LENGTH (SRAM))
OUTPUT(Tiva_TDD.elf elf32-littlearm)

.debug_info     0x00000000     0x9ab9
 .debug_info    0x00000000     0x3d61 ./unity/unity.o
 .debug_info    0x00003d61      0xc13 ./test/SysInitModule/BareMetalBlock/test_SysInitModule_BareMetalBlock_Hardware.o
 .debug_info    0x00004974      0xc1f ./test/SysInitModule/BareMetalBlock/test_SysInitModule_BareMetalBlock_Hardware_runner.o
 .debug_info    0x00005593      0x9d4 ./support/_sbrk.o
 .debug_info    0x00005f67     0x12d0 ./support/_syscalls.o
 .debug_info    0x00007237      0xa4b ./support/_write.o
 .debug_info    0x00007c82      0x1fc ./support/startup_gcc.o
 .debug_info    0x00007e7e       0x76 ./src/MainApp_Test/MainApp_Test.o
 .debug_info    0x00007ef4      0xc22 ./diag/Trace.o
 .debug_info    0x00008b16      0x431 ./diag/trace_impl.o
 .debug_info    0x00008f47      0xb72 ./main.o

.debug_abbrev   0x00000000     0x1ae6
 .debug_abbrev  0x00000000      0x51d ./unity/unity.o
 .debug_abbrev  0x0000051d      0x272 ./test/SysInitModule/BareMetalBlock/test_SysInitModule_BareMetalBlock_Hardware.o
 .debug_abbrev  0x0000078f      0x260 ./test/SysInitModule/BareMetalBlock/test_SysInitModule_BareMetalBlock_Hardware_runner.o
 .debug_abbrev  0x000009ef      0x232 ./support/_sbrk.o
 .debug_abbrev  0x00000c21      0x39d ./support/_syscalls.o
 .debug_abbrev  0x00000fbe      0x23d ./support/_write.o
 .debug_abbrev  0x000011fb      0x10d ./support/startup_gcc.o
 .debug_abbrev  0x00001308       0x5e ./src/MainApp_Test/MainApp_Test.o
 .debug_abbrev  0x00001366      0x2d2 ./diag/Trace.o
 .debug_abbrev  0x00001638      0x216 ./diag/trace_impl.o
 .debug_abbrev  0x0000184e      0x298 ./main.o

.debug_loc      0x00000000     0x3087
 .debug_loc     0x00000000     0x2644 ./unity/unity.o
 .debug_loc     0x00002644       0x78 ./support/_sbrk.o
 .debug_loc     0x000026bc      0x47b ./support/_syscalls.o
 .debug_loc     0x00002b37       0xc5 ./support/_write.o
 .debug_loc     0x00002bfc       0xe9 ./support/startup_gcc.o
 .debug_loc     0x00002ce5      0x161 ./diag/Trace.o
 .debug_loc     0x00002e46      0x241 ./diag/trace_impl.o

.debug_aranges  0x00000000      0x340
 .debug_aranges
                0x00000000      0x110 ./unity/unity.o
 .debug_aranges
                0x00000110       0x38 ./test/SysInitModule/BareMetalBlock/test_SysInitModule_BareMetalBlock_Hardware.o
 .debug_aranges
                0x00000148       0x28 ./test/SysInitModule/BareMetalBlock/test_SysInitModule_BareMetalBlock_Hardware_runner.o
 .debug_aranges
                0x00000170       0x20 ./support/_sbrk.o
 .debug_aranges
                0x00000190       0xa0 ./support/_syscalls.o
 .debug_aranges
                0x00000230       0x20 ./support/_write.o
 .debug_aranges
                0x00000250       0x38 ./support/startup_gcc.o
 .debug_aranges
                0x00000288       0x20 ./src/MainApp_Test/MainApp_Test.o
 .debug_aranges
                0x000002a8       0x40 ./diag/Trace.o
 .debug_aranges
                0x000002e8       0x28 ./diag/trace_impl.o
 .debug_aranges
                0x00000310       0x30 ./main.o

.debug_ranges   0x00000000      0x398
 .debug_ranges  0x00000000      0x198 ./unity/unity.o
 .debug_ranges  0x00000198       0x28 ./test/SysInitModule/BareMetalBlock/test_SysInitModule_BareMetalBlock_Hardware.o
 .debug_ranges  0x000001c0       0x18 ./test/SysInitModule/BareMetalBlock/test_SysInitModule_BareMetalBlock_Hardware_runner.o
 .debug_ranges  0x000001d8       0x10 ./support/_sbrk.o
 .debug_ranges  0x000001e8       0x90 ./support/_syscalls.o
 .debug_ranges  0x00000278       0x10 ./support/_write.o
 .debug_ranges  0x00000288       0x28 ./support/startup_gcc.o
 .debug_ranges  0x000002b0       0x10 ./src/MainApp_Test/MainApp_Test.o
 .debug_ranges  0x000002c0       0x50 ./diag/Trace.o
 .debug_ranges  0x00000310       0x68 ./diag/trace_impl.o
 .debug_ranges  0x00000378       0x20 ./main.o

.debug_macro    0x00000000     0x7d73
 .debug_macro   0x00000000      0x2ff ./unity/unity.o
 .debug_macro   0x000002ff      0xaba ./unity/unity.o
 .debug_macro   0x00000db9       0x10 ./unity/unity.o
 .debug_macro   0x00000dc9       0x22 ./unity/unity.o
 .debug_macro   0x00000deb       0x58 ./unity/unity.o
 .debug_macro   0x00000e43       0x18 ./unity/unity.o
 .debug_macro   0x00000e5b       0x94 ./unity/unity.o
 .debug_macro   0x00000eef       0x35 ./unity/unity.o
 .debug_macro   0x00000f24       0x34 ./unity/unity.o
 .debug_macro   0x00000f58       0x57 ./unity/unity.o
 .debug_macro   0x00000faf      0x103 ./unity/unity.o
 .debug_macro   0x000010b2       0x6a ./unity/unity.o
 .debug_macro   0x0000111c      0x1df ./unity/unity.o
 .debug_macro   0x000012fb      0x174 ./unity/unity.o
 .debug_macro   0x0000146f      0x339 ./unity/unity.o
 .debug_macro   0x000017a8       0x7c ./unity/unity.o
 .debug_macro   0x00001824       0x17 ./unity/unity.o
 .debug_macro   0x0000183b      0x118 ./unity/unity.o
 .debug_macro   0x00001953       0x10 ./unity/unity.o
 .debug_macro   0x00001963       0x10 ./unity/unity.o
 .debug_macro   0x00001973       0x16 ./unity/unity.o
 .debug_macro   0x00001989       0x43 ./unity/unity.o
 .debug_macro   0x000019cc       0x34 ./unity/unity.o
 .debug_macro   0x00001a00       0x1c ./unity/unity.o
 .debug_macro   0x00001a1c       0x52 ./unity/unity.o
 .debug_macro   0x00001a6e       0x40 ./unity/unity.o
 .debug_macro   0x00001aae       0x10 ./unity/unity.o
 .debug_macro   0x00001abe       0x40 ./unity/unity.o
 .debug_macro   0x00001afe       0xd5 ./unity/unity.o
 .debug_macro   0x00001bd3       0x1c ./unity/unity.o
 .debug_macro   0x00001bef       0x3d ./unity/unity.o
 .debug_macro   0x00001c2c      0x51a ./unity/unity.o
 .debug_macro   0x00002146       0x55 ./unity/unity.o
 .debug_macro   0x0000219b       0x1c ./unity/unity.o
 .debug_macro   0x000021b7       0x35 ./unity/unity.o
 .debug_macro   0x000021ec       0x10 ./unity/unity.o
 .debug_macro   0x000021fc       0x10 ./unity/unity.o
 .debug_macro   0x0000220c       0x58 ./unity/unity.o
 .debug_macro   0x00002264      0x182 ./unity/unity.o
 .debug_macro   0x000023e6       0x16 ./unity/unity.o
 .debug_macro   0x000023fc      0x15a ./unity/unity.o
 .debug_macro   0x00002556      0x2b2 ./unity/unity.o
 .debug_macro   0x00002808      0x4a2 ./unity/unity.o
 .debug_macro   0x00002caa       0x16 ./unity/unity.o
 .debug_macro   0x00002cc0       0x10 ./unity/unity.o
 .debug_macro   0x00002cd0       0x10 ./unity/unity.o
 .debug_macro   0x00002ce0       0x35 ./unity/unity.o
 .debug_macro   0x00002d15       0x16 ./unity/unity.o
 .debug_macro   0x00002d2b       0x16 ./unity/unity.o
 .debug_macro   0x00002d41       0x29 ./unity/unity.o
 .debug_macro   0x00002d6a       0x16 ./unity/unity.o
 .debug_macro   0x00002d80      0x25e ./test/SysInitModule/BareMetalBlock/test_SysInitModule_BareMetalBlock_Hardware.o
 .debug_macro   0x00002fde       0x22 ./test/SysInitModule/BareMetalBlock/test_SysInitModule_BareMetalBlock_Hardware.o
 .debug_macro   0x00003000      0x251 ./test/SysInitModule/BareMetalBlock/test_SysInitModule_BareMetalBlock_Hardware_runner.o
 .debug_macro   0x00003251      0x28f ./test/SysInitModule/BareMetalBlock/test_SysInitModule_BareMetalBlock_Hardware_runner.o
 .debug_macro   0x000034e0      0x163 ./support/_sbrk.o
 .debug_macro   0x00003643       0x10 ./support/_sbrk.o
 .debug_macro   0x00003653      0x23b ./support/_sbrk.o
 .debug_macro   0x0000388e      0x220 ./support/_syscalls.o
 .debug_macro   0x00003aae       0x1c ./support/_syscalls.o
 .debug_macro   0x00003aca       0x10 ./support/_syscalls.o
 .debug_macro   0x00003ada      0x122 ./support/_syscalls.o
 .debug_macro   0x00003bfc       0x88 ./support/_syscalls.o
 .debug_macro   0x00003c84      0x189 ./support/_syscalls.o
 .debug_macro   0x00003e0d       0x16 ./support/_syscalls.o
 .debug_macro   0x00003e23      0x18e ./support/_write.o
 .debug_macro   0x00003fb1       0x75 ./support/startup_gcc.o
 .debug_macro   0x00004026     0x1342 ./support/startup_gcc.o
 .debug_macro   0x00005368       0x67 ./support/startup_gcc.o
 .debug_macro   0x000053cf       0x1b ./src/MainApp_Test/MainApp_Test.o
 .debug_macro   0x000053ea      0x1f5 ./diag/Trace.o
 .debug_macro   0x000055df       0x16 ./diag/Trace.o
 .debug_macro   0x000055f5       0x97 ./diag/Trace.o
 .debug_macro   0x0000568c       0xfd ./diag/Trace.o
 .debug_macro   0x00005789      0x16f ./diag/Trace.o
 .debug_macro   0x000058f8       0x4c ./diag/Trace.o
 .debug_macro   0x00005944      0x1de ./diag/trace_impl.o
 .debug_macro   0x00005b22       0x2b ./diag/trace_impl.o
 .debug_macro   0x00005b4d       0x3b ./diag/trace_impl.o
 .debug_macro   0x00005b88       0x2d ./diag/trace_impl.o
 .debug_macro   0x00005bb5       0x26 ./diag/trace_impl.o
 .debug_macro   0x00005bdb      0xc13 ./diag/trace_impl.o
 .debug_macro   0x000067ee       0x43 ./diag/trace_impl.o
 .debug_macro   0x00006831       0xcf ./diag/trace_impl.o
 .debug_macro   0x00006900       0x20 ./diag/trace_impl.o
 .debug_macro   0x00006920       0xbe ./diag/trace_impl.o
 .debug_macro   0x000069de       0x22 ./diag/trace_impl.o
 .debug_macro   0x00006a00      0x289 ./main.o
 .debug_macro   0x00006c89      0x25e ./main.o
 .debug_macro   0x00006ee7      0xa88 ./main.o
 .debug_macro   0x0000796f      0x101 ./main.o
 .debug_macro   0x00007a70      0x303 ./main.o

.debug_line     0x00000000     0x4070
 .debug_line    0x00000000     0x1533 ./unity/unity.o
 .debug_line    0x00001533      0x5c6 ./test/SysInitModule/BareMetalBlock/test_SysInitModule_BareMetalBlock_Hardware.o
 .debug_line    0x00001af9      0x57c ./test/SysInitModule/BareMetalBlock/test_SysInitModule_BareMetalBlock_Hardware_runner.o
 .debug_line    0x00002075      0x375 ./support/_sbrk.o
 .debug_line    0x000023ea      0x6ad ./support/_syscalls.o
 .debug_line    0x00002a97      0x379 ./support/_write.o
 .debug_line    0x00002e10      0x37e ./support/startup_gcc.o
 .debug_line    0x0000318e       0x77 ./src/MainApp_Test/MainApp_Test.o
 .debug_line    0x00003205      0x497 ./diag/Trace.o
 .debug_line    0x0000369c      0x468 ./diag/trace_impl.o
 .debug_line    0x00003b04      0x56c ./main.o

.debug_str      0x00000000    0x22825
 .debug_str     0x00000000    0x12dcc ./unity/unity.o
                              0x13167 (size before relaxing)
 .debug_str     0x00012dcc      0x1e8 ./test/SysInitModule/BareMetalBlock/test_SysInitModule_BareMetalBlock_Hardware.o
                              0x1289b (size before relaxing)
 .debug_str     0x00012fb4      0x195 ./test/SysInitModule/BareMetalBlock/test_SysInitModule_BareMetalBlock_Hardware_runner.o
                              0x126b1 (size before relaxing)
 .debug_str     0x00013149      0x4ea ./support/_sbrk.o
                               0x729c (size before relaxing)
 .debug_str     0x00013633      0xc3a ./support/_syscalls.o
                               0x851a (size before relaxing)
 .debug_str     0x0001426d       0x2f ./support/_write.o
                               0x828f (size before relaxing)
 .debug_str     0x0001429c     0x541f ./support/startup_gcc.o
                               0x917b (size before relaxing)
 .debug_str     0x000196bb       0x52 ./src/MainApp_Test/MainApp_Test.o
                               0x2ebb (size before relaxing)
 .debug_str     0x0001970d      0x138 ./diag/Trace.o
                               0x867a (size before relaxing)
 .debug_str     0x00019845     0x5423 ./diag/trace_impl.o
                               0xc86a (size before relaxing)
 .debug_str     0x0001ec68     0x3bbd ./main.o
                              0x16716 (size before relaxing)

.comment        0x00000000       0xe6
 .comment       0x00000000       0x76 ./unity/unity.o
                                 0x77 (size before relaxing)
 .comment       0x00000076       0x77 ./test/SysInitModule/BareMetalBlock/test_SysInitModule_BareMetalBlock_Hardware.o
 .comment       0x00000076       0x77 ./test/SysInitModule/BareMetalBlock/test_SysInitModule_BareMetalBlock_Hardware_runner.o
 .comment       0x00000076       0x77 ./support/_sbrk.o
 .comment       0x00000076       0x77 ./support/_syscalls.o
 .comment       0x00000076       0x77 ./support/_write.o
 .comment       0x00000076       0x77 ./support/startup_gcc.o
 .comment       0x00000076       0x77 ./src/MainApp_Test/MainApp_Test.o
 .comment       0x00000076       0x77 ./diag/Trace.o
 .comment       0x00000076       0x77 ./diag/trace_impl.o
 .comment       0x00000076       0x77 ./main.o
 .comment       0x00000076       0x70 C:\ti\TivaWare_C_Series-2.1.4.178\driverlib\gcc\libdriver.a(sysctl.o)
                                 0x71 (size before relaxing)

.ARM.attributes
                0x00000000       0x32
 .ARM.attributes
                0x00000000       0x34 ./unity/unity.o
 .ARM.attributes
                0x00000034       0x34 ./test/SysInitModule/BareMetalBlock/test_SysInitModule_BareMetalBlock_Hardware.o
 .ARM.attributes
                0x00000068       0x34 ./test/SysInitModule/BareMetalBlock/test_SysInitModule_BareMetalBlock_Hardware_runner.o
 .ARM.attributes
                0x0000009c       0x34 ./support/_sbrk.o
 .ARM.attributes
                0x000000d0       0x34 ./support/_syscalls.o
 .ARM.attributes
                0x00000104       0x34 ./support/_write.o
 .ARM.attributes
                0x00000138       0x34 ./support/startup_gcc.o
 .ARM.attributes
                0x0000016c       0x34 ./src/MainApp_Test/MainApp_Test.o
 .ARM.attributes
                0x000001a0       0x34 ./diag/Trace.o
 .ARM.attributes
                0x000001d4       0x34 ./diag/trace_impl.o
 .ARM.attributes
                0x00000208       0x34 ./main.o
 .ARM.attributes
                0x0000023c       0x3b C:\ti\TivaWare_C_Series-2.1.4.178\driverlib\gcc\libdriver.a(sysctl.o)
 .ARM.attributes
                0x00000277       0x34 c:/program files (x86)/gnu tools arm embedded/8 2019-q3-update/bin/../lib/gcc/arm-none-eabi/8.3.1/../../../../arm-none-eabi/lib/thumb/v7e-m+fp/hard\libc_nano.a(lib_a-errno.o)
 .ARM.attributes
                0x000002ab       0x32 c:/program files (x86)/gnu tools arm embedded/8 2019-q3-update/bin/../lib/gcc/arm-none-eabi/8.3.1/../../../../arm-none-eabi/lib/thumb/v7e-m+fp/hard\libc_nano.a(lib_a-impure.o)
 .ARM.attributes
                0x000002dd       0x34 c:/program files (x86)/gnu tools arm embedded/8 2019-q3-update/bin/../lib/gcc/arm-none-eabi/8.3.1/../../../../arm-none-eabi/lib/thumb/v7e-m+fp/hard\libc_nano.a(lib_a-lcltime.o)
 .ARM.attributes
                0x00000311       0x34 c:/program files (x86)/gnu tools arm embedded/8 2019-q3-update/bin/../lib/gcc/arm-none-eabi/8.3.1/../../../../arm-none-eabi/lib/thumb/v7e-m+fp/hard\libc_nano.a(lib_a-lcltime_r.o)
 .ARM.attributes
                0x00000345       0x34 c:/program files (x86)/gnu tools arm embedded/8 2019-q3-update/bin/../lib/gcc/arm-none-eabi/8.3.1/../../../../arm-none-eabi/lib/thumb/v7e-m+fp/hard\libc_nano.a(lib_a-malloc.o)
 .ARM.attributes
                0x00000379       0x32 c:/program files (x86)/gnu tools arm embedded/8 2019-q3-update/bin/../lib/gcc/arm-none-eabi/8.3.1/../../../../arm-none-eabi/lib/thumb/v7e-m+fp/hard\libc_nano.a(lib_a-month_lengths.o)
 .ARM.attributes
                0x000003ab       0x34 c:/program files (x86)/gnu tools arm embedded/8 2019-q3-update/bin/../lib/gcc/arm-none-eabi/8.3.1/../../../../arm-none-eabi/lib/thumb/v7e-m+fp/hard\libc_nano.a(lib_a-nano-freer.o)
 .ARM.attributes
                0x000003df       0x34 c:/program files (x86)/gnu tools arm embedded/8 2019-q3-update/bin/../lib/gcc/arm-none-eabi/8.3.1/../../../../arm-none-eabi/lib/thumb/v7e-m+fp/hard\libc_nano.a(lib_a-nano-mallocr.o)
 .ARM.attributes
                0x00000413       0x34 c:/program files (x86)/gnu tools arm embedded/8 2019-q3-update/bin/../lib/gcc/arm-none-eabi/8.3.1/../../../../arm-none-eabi/lib/thumb/v7e-m+fp/hard\libc_nano.a(lib_a-sbrkr.o)
 .ARM.attributes
                0x00000447       0x1c c:/program files (x86)/gnu tools arm embedded/8 2019-q3-update/bin/../lib/gcc/arm-none-eabi/8.3.1/../../../../arm-none-eabi/lib/thumb/v7e-m+fp/hard\libc_nano.a(lib_a-setjmp.o)
 .ARM.attributes
                0x00000463       0x17 c:/program files (x86)/gnu tools arm embedded/8 2019-q3-update/bin/../lib/gcc/arm-none-eabi/8.3.1/../../../../arm-none-eabi/lib/thumb/v7e-m+fp/hard\libc_nano.a(lib_a-strlen.o)
 .ARM.attributes
                0x0000047a       0x34 c:/program files (x86)/gnu tools arm embedded/8 2019-q3-update/bin/../lib/gcc/arm-none-eabi/8.3.1/../../../../arm-none-eabi/lib/thumb/v7e-m+fp/hard\libc_nano.a(lib_a-time.o)
 .ARM.attributes
                0x000004ae       0x34 c:/program files (x86)/gnu tools arm embedded/8 2019-q3-update/bin/../lib/gcc/arm-none-eabi/8.3.1/../../../../arm-none-eabi/lib/thumb/v7e-m+fp/hard\libc_nano.a(lib_a-tzcalc_limits.o)
 .ARM.attributes
                0x000004e2       0x34 c:/program files (x86)/gnu tools arm embedded/8 2019-q3-update/bin/../lib/gcc/arm-none-eabi/8.3.1/../../../../arm-none-eabi/lib/thumb/v7e-m+fp/hard\libc_nano.a(lib_a-tzlock.o)
 .ARM.attributes
                0x00000516       0x34 c:/program files (x86)/gnu tools arm embedded/8 2019-q3-update/bin/../lib/gcc/arm-none-eabi/8.3.1/../../../../arm-none-eabi/lib/thumb/v7e-m+fp/hard\libc_nano.a(lib_a-tzset.o)
 .ARM.attributes
                0x0000054a       0x34 c:/program files (x86)/gnu tools arm embedded/8 2019-q3-update/bin/../lib/gcc/arm-none-eabi/8.3.1/../../../../arm-none-eabi/lib/thumb/v7e-m+fp/hard\libc_nano.a(lib_a-tzset_r.o)
 .ARM.attributes
                0x0000057e       0x32 c:/program files (x86)/gnu tools arm embedded/8 2019-q3-update/bin/../lib/gcc/arm-none-eabi/8.3.1/../../../../arm-none-eabi/lib/thumb/v7e-m+fp/hard\libc_nano.a(lib_a-tzvars.o)
 .ARM.attributes
                0x000005b0       0x34 c:/program files (x86)/gnu tools arm embedded/8 2019-q3-update/bin/../lib/gcc/arm-none-eabi/8.3.1/../../../../arm-none-eabi/lib/thumb/v7e-m+fp/hard\libc_nano.a(lib_a-vsnprintf.o)
 .ARM.attributes
                0x000005e4       0x34 c:/program files (x86)/gnu tools arm embedded/8 2019-q3-update/bin/../lib/gcc/arm-none-eabi/8.3.1/../../../../arm-none-eabi/lib/thumb/v7e-m+fp/hard\libc_nano.a(lib_a-getenv_r.o)
 .ARM.attributes
                0x00000618       0x34 c:/program files (x86)/gnu tools arm embedded/8 2019-q3-update/bin/../lib/gcc/arm-none-eabi/8.3.1/../../../../arm-none-eabi/lib/thumb/v7e-m+fp/hard\libc_nano.a(lib_a-gettimeofdayr.o)
 .ARM.attributes
                0x0000064c       0x34 c:/program files (x86)/gnu tools arm embedded/8 2019-q3-update/bin/../lib/gcc/arm-none-eabi/8.3.1/../../../../arm-none-eabi/lib/thumb/v7e-m+fp/hard\libc_nano.a(lib_a-gettzinfo.o)
 .ARM.attributes
                0x00000680       0x34 c:/program files (x86)/gnu tools arm embedded/8 2019-q3-update/bin/../lib/gcc/arm-none-eabi/8.3.1/../../../../arm-none-eabi/lib/thumb/v7e-m+fp/hard\libc_nano.a(lib_a-gmtime_r.o)
 .ARM.attributes
                0x000006b4       0x34 c:/program files (x86)/gnu tools arm embedded/8 2019-q3-update/bin/../lib/gcc/arm-none-eabi/8.3.1/../../../../arm-none-eabi/lib/thumb/v7e-m+fp/hard\libc_nano.a(lib_a-lock.o)
 .ARM.attributes
                0x000006e8       0x34 c:/program files (x86)/gnu tools arm embedded/8 2019-q3-update/bin/../lib/gcc/arm-none-eabi/8.3.1/../../../../arm-none-eabi/lib/thumb/v7e-m+fp/hard\libc_nano.a(lib_a-mlock.o)
 .ARM.attributes
                0x0000071c       0x34 c:/program files (x86)/gnu tools arm embedded/8 2019-q3-update/bin/../lib/gcc/arm-none-eabi/8.3.1/../../../../arm-none-eabi/lib/thumb/v7e-m+fp/hard\libc_nano.a(lib_a-nano-svfprintf.o)
 .ARM.attributes
                0x00000750       0x34 c:/program files (x86)/gnu tools arm embedded/8 2019-q3-update/bin/../lib/gcc/arm-none-eabi/8.3.1/../../../../arm-none-eabi/lib/thumb/v7e-m+fp/hard\libc_nano.a(lib_a-nano-vfprintf_i.o)
 .ARM.attributes
                0x00000784       0x34 c:/program files (x86)/gnu tools arm embedded/8 2019-q3-update/bin/../lib/gcc/arm-none-eabi/8.3.1/../../../../arm-none-eabi/lib/thumb/v7e-m+fp/hard\libc_nano.a(lib_a-sscanf.o)
 .ARM.attributes
                0x000007b8       0x34 c:/program files (x86)/gnu tools arm embedded/8 2019-q3-update/bin/../lib/gcc/arm-none-eabi/8.3.1/../../../../arm-none-eabi/lib/thumb/v7e-m+fp/hard\libc_nano.a(lib_a-stdio.o)
 .ARM.attributes
                0x000007ec       0x1c c:/program files (x86)/gnu tools arm embedded/8 2019-q3-update/bin/../lib/gcc/arm-none-eabi/8.3.1/../../../../arm-none-eabi/lib/thumb/v7e-m+fp/hard\libc_nano.a(lib_a-strcmp.o)
 .ARM.attributes
                0x00000808       0x34 c:/program files (x86)/gnu tools arm embedded/8 2019-q3-update/bin/../lib/gcc/arm-none-eabi/8.3.1/../../../../arm-none-eabi/lib/thumb/v7e-m+fp/hard\libc_nano.a(lib_a-strcpy.o)
 .ARM.attributes
                0x0000083c       0x34 c:/program files (x86)/gnu tools arm embedded/8 2019-q3-update/bin/../lib/gcc/arm-none-eabi/8.3.1/../../../../arm-none-eabi/lib/thumb/v7e-m+fp/hard\libc_nano.a(lib_a-strncmp.o)
 .ARM.attributes
                0x00000870       0x34 c:/program files (x86)/gnu tools arm embedded/8 2019-q3-update/bin/../lib/gcc/arm-none-eabi/8.3.1/../../../../arm-none-eabi/lib/thumb/v7e-m+fp/hard\libc_nano.a(lib_a-strtoul.o)
 .ARM.attributes
                0x000008a4       0x34 c:/program files (x86)/gnu tools arm embedded/8 2019-q3-update/bin/../lib/gcc/arm-none-eabi/8.3.1/../../../../arm-none-eabi/lib/thumb/v7e-m+fp/hard\libc_nano.a(lib_a-writer.o)
 .ARM.attributes
                0x000008d8       0x34 c:/program files (x86)/gnu tools arm embedded/8 2019-q3-update/bin/../lib/gcc/arm-none-eabi/8.3.1/../../../../arm-none-eabi/lib/thumb/v7e-m+fp/hard\libc_nano.a(lib_a-closer.o)
 .ARM.attributes
                0x0000090c       0x32 c:/program files (x86)/gnu tools arm embedded/8 2019-q3-update/bin/../lib/gcc/arm-none-eabi/8.3.1/../../../../arm-none-eabi/lib/thumb/v7e-m+fp/hard\libc_nano.a(lib_a-ctype_.o)
 .ARM.attributes
                0x0000093e       0x34 c:/program files (x86)/gnu tools arm embedded/8 2019-q3-update/bin/../lib/gcc/arm-none-eabi/8.3.1/../../../../arm-none-eabi/lib/thumb/v7e-m+fp/hard\libc_nano.a(lib_a-envlock.o)
 .ARM.attributes
                0x00000972       0x34 c:/program files (x86)/gnu tools arm embedded/8 2019-q3-update/bin/../lib/gcc/arm-none-eabi/8.3.1/../../../../arm-none-eabi/lib/thumb/v7e-m+fp/hard\libc_nano.a(lib_a-lseekr.o)
 .ARM.attributes
                0x000009a6       0x1c c:/program files (x86)/gnu tools arm embedded/8 2019-q3-update/bin/../lib/gcc/arm-none-eabi/8.3.1/../../../../arm-none-eabi/lib/thumb/v7e-m+fp/hard\libc_nano.a(lib_a-memchr.o)
 .ARM.attributes
                0x000009c2       0x34 c:/program files (x86)/gnu tools arm embedded/8 2019-q3-update/bin/../lib/gcc/arm-none-eabi/8.3.1/../../../../arm-none-eabi/lib/thumb/v7e-m+fp/hard\libc_nano.a(lib_a-memcpy-stub.o)
 .ARM.attributes
                0x000009f6       0x34 c:/program files (x86)/gnu tools arm embedded/8 2019-q3-update/bin/../lib/gcc/arm-none-eabi/8.3.1/../../../../arm-none-eabi/lib/thumb/v7e-m+fp/hard\libc_nano.a(lib_a-memmove.o)
 .ARM.attributes
                0x00000a2a       0x34 c:/program files (x86)/gnu tools arm embedded/8 2019-q3-update/bin/../lib/gcc/arm-none-eabi/8.3.1/../../../../arm-none-eabi/lib/thumb/v7e-m+fp/hard\libc_nano.a(lib_a-nano-reallocr.o)
 .ARM.attributes
                0x00000a5e       0x34 c:/program files (x86)/gnu tools arm embedded/8 2019-q3-update/bin/../lib/gcc/arm-none-eabi/8.3.1/../../../../arm-none-eabi/lib/thumb/v7e-m+fp/hard\libc_nano.a(lib_a-nano-svfscanf.o)
 .ARM.attributes
                0x00000a92       0x34 c:/program files (x86)/gnu tools arm embedded/8 2019-q3-update/bin/../lib/gcc/arm-none-eabi/8.3.1/../../../../arm-none-eabi/lib/thumb/v7e-m+fp/hard\libc_nano.a(lib_a-nano-vfscanf_i.o)
 .ARM.attributes
                0x00000ac6       0x34 c:/program files (x86)/gnu tools arm embedded/8 2019-q3-update/bin/../lib/gcc/arm-none-eabi/8.3.1/../../../../arm-none-eabi/lib/thumb/v7e-m+fp/hard\libc_nano.a(lib_a-readr.o)
 .ARM.attributes
                0x00000afa       0x34 c:/program files (x86)/gnu tools arm embedded/8 2019-q3-update/bin/../lib/gcc/arm-none-eabi/8.3.1/../../../../arm-none-eabi/lib/thumb/v7e-m+fp/hard\libc_nano.a(lib_a-sccl.o)
 .ARM.attributes
                0x00000b2e       0x34 c:/program files (x86)/gnu tools arm embedded/8 2019-q3-update/bin/../lib/gcc/arm-none-eabi/8.3.1/../../../../arm-none-eabi/lib/thumb/v7e-m+fp/hard\libc_nano.a(lib_a-strtol.o)
 .ARM.attributes
                0x00000b62       0x34 c:/program files (x86)/gnu tools arm embedded/8 2019-q3-update/bin/../lib/gcc/arm-none-eabi/8.3.1/../../../../arm-none-eabi/lib/thumb/v7e-m+fp/hard\libc_nano.a(lib_a-ungetc.o)
 .ARM.attributes
                0x00000b96       0x34 c:/program files (x86)/gnu tools arm embedded/8 2019-q3-update/bin/../lib/gcc/arm-none-eabi/8.3.1/../../../../arm-none-eabi/lib/thumb/v7e-m+fp/hard\libc_nano.a(lib_a-fflush.o)
 .ARM.attributes
                0x00000bca       0x34 c:/program files (x86)/gnu tools arm embedded/8 2019-q3-update/bin/../lib/gcc/arm-none-eabi/8.3.1/../../../../arm-none-eabi/lib/thumb/v7e-m+fp/hard\libc_nano.a(lib_a-findfp.o)
 .ARM.attributes
                0x00000bfe       0x34 c:/program files (x86)/gnu tools arm embedded/8 2019-q3-update/bin/../lib/gcc/arm-none-eabi/8.3.1/../../../../arm-none-eabi/lib/thumb/v7e-m+fp/hard\libc_nano.a(lib_a-fwalk.o)
 .ARM.attributes
                0x00000c32       0x34 c:/program files (x86)/gnu tools arm embedded/8 2019-q3-update/bin/../lib/gcc/arm-none-eabi/8.3.1/../../../../arm-none-eabi/lib/thumb/v7e-m+fp/hard\libc_nano.a(lib_a-memset.o)
 .ARM.attributes
                0x00000c66       0x34 c:/program files (x86)/gnu tools arm embedded/8 2019-q3-update/bin/../lib/gcc/arm-none-eabi/8.3.1/../../../../arm-none-eabi/lib/thumb/v7e-m+fp/hard\libc_nano.a(lib_a-nano-msizer.o)
 .ARM.attributes
                0x00000c9a       0x1e c:/program files (x86)/gnu tools arm embedded/8 2019-q3-update/bin/../lib/gcc/arm-none-eabi/8.3.1/thumb/v7e-m+fp/hard\libgcc.a(_aeabi_ldivmod.o)
 .ARM.attributes
                0x00000cb8       0x34 c:/program files (x86)/gnu tools arm embedded/8 2019-q3-update/bin/../lib/gcc/arm-none-eabi/8.3.1/thumb/v7e-m+fp/hard\libgcc.a(_udivmoddi4.o)
 .ARM.attributes
                0x00000cec       0x1e c:/program files (x86)/gnu tools arm embedded/8 2019-q3-update/bin/../lib/gcc/arm-none-eabi/8.3.1/thumb/v7e-m+fp/hard\libgcc.a(_dvmd_tls.o)
 .ARM.attributes
                0x00000d0a       0x34 c:/program files (x86)/gnu tools arm embedded/8 2019-q3-update/bin/../lib/gcc/arm-none-eabi/8.3.1/../../../../arm-none-eabi/lib/thumb/v7e-m+fp/hard\librdimon_nano.a(rdimon-syscalls.o)

.debug_frame    0x00000000     0x1988
 .debug_frame   0x00000000      0x3ac ./unity/unity.o
 .debug_frame   0x000003ac       0x70 ./test/SysInitModule/BareMetalBlock/test_SysInitModule_BareMetalBlock_Hardware.o
 .debug_frame   0x0000041c       0x44 ./test/SysInitModule/BareMetalBlock/test_SysInitModule_BareMetalBlock_Hardware_runner.o
 .debug_frame   0x00000460       0x28 ./support/_sbrk.o
 .debug_frame   0x00000488      0x228 ./support/_syscalls.o
 .debug_frame   0x000006b0       0x30 ./support/_write.o
 .debug_frame   0x000006e0       0x68 ./support/startup_gcc.o
 .debug_frame   0x00000748       0x28 ./src/MainApp_Test/MainApp_Test.o
 .debug_frame   0x00000770       0xb8 ./diag/Trace.o
 .debug_frame   0x00000828       0x48 ./diag/trace_impl.o
 .debug_frame   0x00000870       0x54 ./main.o
 .debug_frame   0x000008c4       0x20 c:/program files (x86)/gnu tools arm embedded/8 2019-q3-update/bin/../lib/gcc/arm-none-eabi/8.3.1/../../../../arm-none-eabi/lib/thumb/v7e-m+fp/hard\libc_nano.a(lib_a-errno.o)
 .debug_frame   0x000008e4       0x34 c:/program files (x86)/gnu tools arm embedded/8 2019-q3-update/bin/../lib/gcc/arm-none-eabi/8.3.1/../../../../arm-none-eabi/lib/thumb/v7e-m+fp/hard\libc_nano.a(lib_a-lcltime.o)
 .debug_frame   0x00000918       0x30 c:/program files (x86)/gnu tools arm embedded/8 2019-q3-update/bin/../lib/gcc/arm-none-eabi/8.3.1/../../../../arm-none-eabi/lib/thumb/v7e-m+fp/hard\libc_nano.a(lib_a-lcltime_r.o)
 .debug_frame   0x00000948       0x30 c:/program files (x86)/gnu tools arm embedded/8 2019-q3-update/bin/../lib/gcc/arm-none-eabi/8.3.1/../../../../arm-none-eabi/lib/thumb/v7e-m+fp/hard\libc_nano.a(lib_a-malloc.o)
 .debug_frame   0x00000978       0x38 c:/program files (x86)/gnu tools arm embedded/8 2019-q3-update/bin/../lib/gcc/arm-none-eabi/8.3.1/../../../../arm-none-eabi/lib/thumb/v7e-m+fp/hard\libc_nano.a(lib_a-nano-freer.o)
 .debug_frame   0x000009b0       0x30 c:/program files (x86)/gnu tools arm embedded/8 2019-q3-update/bin/../lib/gcc/arm-none-eabi/8.3.1/../../../../arm-none-eabi/lib/thumb/v7e-m+fp/hard\libc_nano.a(lib_a-nano-mallocr.o)
 .debug_frame   0x000009e0       0x2c c:/program files (x86)/gnu tools arm embedded/8 2019-q3-update/bin/../lib/gcc/arm-none-eabi/8.3.1/../../../../arm-none-eabi/lib/thumb/v7e-m+fp/hard\libc_nano.a(lib_a-sbrkr.o)
 .debug_frame   0x00000a0c       0x2c c:/program files (x86)/gnu tools arm embedded/8 2019-q3-update/bin/../lib/gcc/arm-none-eabi/8.3.1/../../../../arm-none-eabi/lib/thumb/v7e-m+fp/hard\libc_nano.a(lib_a-time.o)
 .debug_frame   0x00000a38       0x3c c:/program files (x86)/gnu tools arm embedded/8 2019-q3-update/bin/../lib/gcc/arm-none-eabi/8.3.1/../../../../arm-none-eabi/lib/thumb/v7e-m+fp/hard\libc_nano.a(lib_a-tzcalc_limits.o)
 .debug_frame   0x00000a74       0x30 c:/program files (x86)/gnu tools arm embedded/8 2019-q3-update/bin/../lib/gcc/arm-none-eabi/8.3.1/../../../../arm-none-eabi/lib/thumb/v7e-m+fp/hard\libc_nano.a(lib_a-tzlock.o)
 .debug_frame   0x00000aa4       0x3c c:/program files (x86)/gnu tools arm embedded/8 2019-q3-update/bin/../lib/gcc/arm-none-eabi/8.3.1/../../../../arm-none-eabi/lib/thumb/v7e-m+fp/hard\libc_nano.a(lib_a-tzset.o)
 .debug_frame   0x00000ae0       0x5c c:/program files (x86)/gnu tools arm embedded/8 2019-q3-update/bin/../lib/gcc/arm-none-eabi/8.3.1/../../../../arm-none-eabi/lib/thumb/v7e-m+fp/hard\libc_nano.a(lib_a-tzset_r.o)
 .debug_frame   0x00000b3c       0x4c c:/program files (x86)/gnu tools arm embedded/8 2019-q3-update/bin/../lib/gcc/arm-none-eabi/8.3.1/../../../../arm-none-eabi/lib/thumb/v7e-m+fp/hard\libc_nano.a(lib_a-vsnprintf.o)
 .debug_frame   0x00000b88       0x50 c:/program files (x86)/gnu tools arm embedded/8 2019-q3-update/bin/../lib/gcc/arm-none-eabi/8.3.1/../../../../arm-none-eabi/lib/thumb/v7e-m+fp/hard\libc_nano.a(lib_a-getenv_r.o)
 .debug_frame   0x00000bd8       0x2c c:/program files (x86)/gnu tools arm embedded/8 2019-q3-update/bin/../lib/gcc/arm-none-eabi/8.3.1/../../../../arm-none-eabi/lib/thumb/v7e-m+fp/hard\libc_nano.a(lib_a-gettimeofdayr.o)
 .debug_frame   0x00000c04       0x20 c:/program files (x86)/gnu tools arm embedded/8 2019-q3-update/bin/../lib/gcc/arm-none-eabi/8.3.1/../../../../arm-none-eabi/lib/thumb/v7e-m+fp/hard\libc_nano.a(lib_a-gettzinfo.o)
 .debug_frame   0x00000c24       0x30 c:/program files (x86)/gnu tools arm embedded/8 2019-q3-update/bin/../lib/gcc/arm-none-eabi/8.3.1/../../../../arm-none-eabi/lib/thumb/v7e-m+fp/hard\libc_nano.a(lib_a-gmtime_r.o)
 .debug_frame   0x00000c54       0xb0 c:/program files (x86)/gnu tools arm embedded/8 2019-q3-update/bin/../lib/gcc/arm-none-eabi/8.3.1/../../../../arm-none-eabi/lib/thumb/v7e-m+fp/hard\libc_nano.a(lib_a-lock.o)
 .debug_frame   0x00000d04       0x30 c:/program files (x86)/gnu tools arm embedded/8 2019-q3-update/bin/../lib/gcc/arm-none-eabi/8.3.1/../../../../arm-none-eabi/lib/thumb/v7e-m+fp/hard\libc_nano.a(lib_a-mlock.o)
 .debug_frame   0x00000d34       0x90 c:/program files (x86)/gnu tools arm embedded/8 2019-q3-update/bin/../lib/gcc/arm-none-eabi/8.3.1/../../../../arm-none-eabi/lib/thumb/v7e-m+fp/hard\libc_nano.a(lib_a-nano-svfprintf.o)
 .debug_frame   0x00000dc4       0x60 c:/program files (x86)/gnu tools arm embedded/8 2019-q3-update/bin/../lib/gcc/arm-none-eabi/8.3.1/../../../../arm-none-eabi/lib/thumb/v7e-m+fp/hard\libc_nano.a(lib_a-nano-vfprintf_i.o)
 .debug_frame   0x00000e24       0x80 c:/program files (x86)/gnu tools arm embedded/8 2019-q3-update/bin/../lib/gcc/arm-none-eabi/8.3.1/../../../../arm-none-eabi/lib/thumb/v7e-m+fp/hard\libc_nano.a(lib_a-sscanf.o)
 .debug_frame   0x00000ea4       0x88 c:/program files (x86)/gnu tools arm embedded/8 2019-q3-update/bin/../lib/gcc/arm-none-eabi/8.3.1/../../../../arm-none-eabi/lib/thumb/v7e-m+fp/hard\libc_nano.a(lib_a-stdio.o)
 .debug_frame   0x00000f2c       0x20 c:/program files (x86)/gnu tools arm embedded/8 2019-q3-update/bin/../lib/gcc/arm-none-eabi/8.3.1/../../../../arm-none-eabi/lib/thumb/v7e-m+fp/hard\libc_nano.a(lib_a-strcmp.o)
 .debug_frame   0x00000f4c       0x20 c:/program files (x86)/gnu tools arm embedded/8 2019-q3-update/bin/../lib/gcc/arm-none-eabi/8.3.1/../../../../arm-none-eabi/lib/thumb/v7e-m+fp/hard\libc_nano.a(lib_a-strcpy.o)
 .debug_frame   0x00000f6c       0x28 c:/program files (x86)/gnu tools arm embedded/8 2019-q3-update/bin/../lib/gcc/arm-none-eabi/8.3.1/../../../../arm-none-eabi/lib/thumb/v7e-m+fp/hard\libc_nano.a(lib_a-strncmp.o)
 .debug_frame   0x00000f94       0x64 c:/program files (x86)/gnu tools arm embedded/8 2019-q3-update/bin/../lib/gcc/arm-none-eabi/8.3.1/../../../../arm-none-eabi/lib/thumb/v7e-m+fp/hard\libc_nano.a(lib_a-strtoul.o)
 .debug_frame   0x00000ff8       0x2c c:/program files (x86)/gnu tools arm embedded/8 2019-q3-update/bin/../lib/gcc/arm-none-eabi/8.3.1/../../../../arm-none-eabi/lib/thumb/v7e-m+fp/hard\libc_nano.a(lib_a-writer.o)
 .debug_frame   0x00001024       0x2c c:/program files (x86)/gnu tools arm embedded/8 2019-q3-update/bin/../lib/gcc/arm-none-eabi/8.3.1/../../../../arm-none-eabi/lib/thumb/v7e-m+fp/hard\libc_nano.a(lib_a-closer.o)
 .debug_frame   0x00001050       0x30 c:/program files (x86)/gnu tools arm embedded/8 2019-q3-update/bin/../lib/gcc/arm-none-eabi/8.3.1/../../../../arm-none-eabi/lib/thumb/v7e-m+fp/hard\libc_nano.a(lib_a-envlock.o)
 .debug_frame   0x00001080       0x2c c:/program files (x86)/gnu tools arm embedded/8 2019-q3-update/bin/../lib/gcc/arm-none-eabi/8.3.1/../../../../arm-none-eabi/lib/thumb/v7e-m+fp/hard\libc_nano.a(lib_a-lseekr.o)
 .debug_frame   0x000010ac       0x28 c:/program files (x86)/gnu tools arm embedded/8 2019-q3-update/bin/../lib/gcc/arm-none-eabi/8.3.1/../../../../arm-none-eabi/lib/thumb/v7e-m+fp/hard\libc_nano.a(lib_a-memcpy-stub.o)
 .debug_frame   0x000010d4       0x28 c:/program files (x86)/gnu tools arm embedded/8 2019-q3-update/bin/../lib/gcc/arm-none-eabi/8.3.1/../../../../arm-none-eabi/lib/thumb/v7e-m+fp/hard\libc_nano.a(lib_a-memmove.o)
 .debug_frame   0x000010fc       0x3c c:/program files (x86)/gnu tools arm embedded/8 2019-q3-update/bin/../lib/gcc/arm-none-eabi/8.3.1/../../../../arm-none-eabi/lib/thumb/v7e-m+fp/hard\libc_nano.a(lib_a-nano-reallocr.o)
 .debug_frame   0x00001138       0x78 c:/program files (x86)/gnu tools arm embedded/8 2019-q3-update/bin/../lib/gcc/arm-none-eabi/8.3.1/../../../../arm-none-eabi/lib/thumb/v7e-m+fp/hard\libc_nano.a(lib_a-nano-svfscanf.o)
 .debug_frame   0x000011b0       0x64 c:/program files (x86)/gnu tools arm embedded/8 2019-q3-update/bin/../lib/gcc/arm-none-eabi/8.3.1/../../../../arm-none-eabi/lib/thumb/v7e-m+fp/hard\libc_nano.a(lib_a-nano-vfscanf_i.o)
 .debug_frame   0x00001214       0x2c c:/program files (x86)/gnu tools arm embedded/8 2019-q3-update/bin/../lib/gcc/arm-none-eabi/8.3.1/../../../../arm-none-eabi/lib/thumb/v7e-m+fp/hard\libc_nano.a(lib_a-readr.o)
 .debug_frame   0x00001240       0x2c c:/program files (x86)/gnu tools arm embedded/8 2019-q3-update/bin/../lib/gcc/arm-none-eabi/8.3.1/../../../../arm-none-eabi/lib/thumb/v7e-m+fp/hard\libc_nano.a(lib_a-sccl.o)
 .debug_frame   0x0000126c       0x64 c:/program files (x86)/gnu tools arm embedded/8 2019-q3-update/bin/../lib/gcc/arm-none-eabi/8.3.1/../../../../arm-none-eabi/lib/thumb/v7e-m+fp/hard\libc_nano.a(lib_a-strtol.o)
 .debug_frame   0x000012d0       0x5c c:/program files (x86)/gnu tools arm embedded/8 2019-q3-update/bin/../lib/gcc/arm-none-eabi/8.3.1/../../../../arm-none-eabi/lib/thumb/v7e-m+fp/hard\libc_nano.a(lib_a-ungetc.o)
 .debug_frame   0x0000132c       0x5c c:/program files (x86)/gnu tools arm embedded/8 2019-q3-update/bin/../lib/gcc/arm-none-eabi/8.3.1/../../../../arm-none-eabi/lib/thumb/v7e-m+fp/hard\libc_nano.a(lib_a-fflush.o)
 .debug_frame   0x00001388      0x14c c:/program files (x86)/gnu tools arm embedded/8 2019-q3-update/bin/../lib/gcc/arm-none-eabi/8.3.1/../../../../arm-none-eabi/lib/thumb/v7e-m+fp/hard\libc_nano.a(lib_a-findfp.o)
 .debug_frame   0x000014d4       0x54 c:/program files (x86)/gnu tools arm embedded/8 2019-q3-update/bin/../lib/gcc/arm-none-eabi/8.3.1/../../../../arm-none-eabi/lib/thumb/v7e-m+fp/hard\libc_nano.a(lib_a-fwalk.o)
 .debug_frame   0x00001528       0x20 c:/program files (x86)/gnu tools arm embedded/8 2019-q3-update/bin/../lib/gcc/arm-none-eabi/8.3.1/../../../../arm-none-eabi/lib/thumb/v7e-m+fp/hard\libc_nano.a(lib_a-memset.o)
 .debug_frame   0x00001548       0x20 c:/program files (x86)/gnu tools arm embedded/8 2019-q3-update/bin/../lib/gcc/arm-none-eabi/8.3.1/../../../../arm-none-eabi/lib/thumb/v7e-m+fp/hard\libc_nano.a(lib_a-nano-msizer.o)
 .debug_frame   0x00001568       0x44 c:/program files (x86)/gnu tools arm embedded/8 2019-q3-update/bin/../lib/gcc/arm-none-eabi/8.3.1/thumb/v7e-m+fp/hard\libgcc.a(_aeabi_ldivmod.o)
 .debug_frame   0x000015ac       0x34 c:/program files (x86)/gnu tools arm embedded/8 2019-q3-update/bin/../lib/gcc/arm-none-eabi/8.3.1/thumb/v7e-m+fp/hard\libgcc.a(_udivmoddi4.o)
 .debug_frame   0x000015e0      0x3a8 c:/program files (x86)/gnu tools arm embedded/8 2019-q3-update/bin/../lib/gcc/arm-none-eabi/8.3.1/../../../../arm-none-eabi/lib/thumb/v7e-m+fp/hard\librdimon_nano.a(rdimon-syscalls.o)
